Archive member included to satisfy reference by file (symbol)

c:/program files (x86)/atmel/studio/7.0/toolchain/arm/arm-gnu-toolchain/bin/../lib/gcc/arm-none-eabi/6.3.1/thumb/v7e-m\libgcc.a(_aeabi_uldivmod.o)
                              src/main.o (__aeabi_uldivmod)
c:/program files (x86)/atmel/studio/7.0/toolchain/arm/arm-gnu-toolchain/bin/../lib/gcc/arm-none-eabi/6.3.1/thumb/v7e-m\libgcc.a(_udivmoddi4.o)
                              c:/program files (x86)/atmel/studio/7.0/toolchain/arm/arm-gnu-toolchain/bin/../lib/gcc/arm-none-eabi/6.3.1/thumb/v7e-m\libgcc.a(_aeabi_uldivmod.o) (__udivmoddi4)
c:/program files (x86)/atmel/studio/7.0/toolchain/arm/arm-gnu-toolchain/bin/../lib/gcc/arm-none-eabi/6.3.1/thumb/v7e-m\libgcc.a(_dvmd_tls.o)
                              c:/program files (x86)/atmel/studio/7.0/toolchain/arm/arm-gnu-toolchain/bin/../lib/gcc/arm-none-eabi/6.3.1/thumb/v7e-m\libgcc.a(_aeabi_uldivmod.o) (__aeabi_ldiv0)
c:/program files (x86)/atmel/studio/7.0/toolchain/arm/arm-gnu-toolchain/bin/../lib/gcc/arm-none-eabi/6.3.1/../../../../arm-none-eabi/lib/thumb/v7e-m\libc.a(lib_a-exit.o)
                              c:/program files (x86)/atmel/studio/7.0/toolchain/arm/arm-gnu-toolchain/bin/../lib/gcc/arm-none-eabi/6.3.1/../../../../arm-none-eabi/lib/thumb/v7e-m/crt0.o (exit)
c:/program files (x86)/atmel/studio/7.0/toolchain/arm/arm-gnu-toolchain/bin/../lib/gcc/arm-none-eabi/6.3.1/../../../../arm-none-eabi/lib/thumb/v7e-m\libc.a(lib_a-impure.o)
                              c:/program files (x86)/atmel/studio/7.0/toolchain/arm/arm-gnu-toolchain/bin/../lib/gcc/arm-none-eabi/6.3.1/../../../../arm-none-eabi/lib/thumb/v7e-m\libc.a(lib_a-exit.o) (_global_impure_ptr)
c:/program files (x86)/atmel/studio/7.0/toolchain/arm/arm-gnu-toolchain/bin/../lib/gcc/arm-none-eabi/6.3.1/../../../../arm-none-eabi/lib/thumb/v7e-m\libc.a(lib_a-init.o)
                              c:/program files (x86)/atmel/studio/7.0/toolchain/arm/arm-gnu-toolchain/bin/../lib/gcc/arm-none-eabi/6.3.1/../../../../arm-none-eabi/lib/thumb/v7e-m/crt0.o (__libc_init_array)
c:/program files (x86)/atmel/studio/7.0/toolchain/arm/arm-gnu-toolchain/bin/../lib/gcc/arm-none-eabi/6.3.1/../../../../arm-none-eabi/lib/thumb/v7e-m\libc.a(lib_a-iprintf.o)
                              src/main.o (iprintf)
c:/program files (x86)/atmel/studio/7.0/toolchain/arm/arm-gnu-toolchain/bin/../lib/gcc/arm-none-eabi/6.3.1/../../../../arm-none-eabi/lib/thumb/v7e-m\libc.a(lib_a-malloc.o)
                              src/ASF/common/components/touch/mxt/mxt_device_1.o (malloc)
c:/program files (x86)/atmel/studio/7.0/toolchain/arm/arm-gnu-toolchain/bin/../lib/gcc/arm-none-eabi/6.3.1/../../../../arm-none-eabi/lib/thumb/v7e-m\libc.a(lib_a-mallocr.o)
                              c:/program files (x86)/atmel/studio/7.0/toolchain/arm/arm-gnu-toolchain/bin/../lib/gcc/arm-none-eabi/6.3.1/../../../../arm-none-eabi/lib/thumb/v7e-m\libc.a(lib_a-malloc.o) (_malloc_r)
c:/program files (x86)/atmel/studio/7.0/toolchain/arm/arm-gnu-toolchain/bin/../lib/gcc/arm-none-eabi/6.3.1/../../../../arm-none-eabi/lib/thumb/v7e-m\libc.a(lib_a-memset.o)
                              c:/program files (x86)/atmel/studio/7.0/toolchain/arm/arm-gnu-toolchain/bin/../lib/gcc/arm-none-eabi/6.3.1/../../../../arm-none-eabi/lib/thumb/v7e-m/crt0.o (memset)
c:/program files (x86)/atmel/studio/7.0/toolchain/arm/arm-gnu-toolchain/bin/../lib/gcc/arm-none-eabi/6.3.1/../../../../arm-none-eabi/lib/thumb/v7e-m\libc.a(lib_a-mlock.o)
                              c:/program files (x86)/atmel/studio/7.0/toolchain/arm/arm-gnu-toolchain/bin/../lib/gcc/arm-none-eabi/6.3.1/../../../../arm-none-eabi/lib/thumb/v7e-m\libc.a(lib_a-mallocr.o) (__malloc_lock)
c:/program files (x86)/atmel/studio/7.0/toolchain/arm/arm-gnu-toolchain/bin/../lib/gcc/arm-none-eabi/6.3.1/../../../../arm-none-eabi/lib/thumb/v7e-m\libc.a(lib_a-sbrkr.o)
                              c:/program files (x86)/atmel/studio/7.0/toolchain/arm/arm-gnu-toolchain/bin/../lib/gcc/arm-none-eabi/6.3.1/../../../../arm-none-eabi/lib/thumb/v7e-m\libc.a(lib_a-mallocr.o) (_sbrk_r)
c:/program files (x86)/atmel/studio/7.0/toolchain/arm/arm-gnu-toolchain/bin/../lib/gcc/arm-none-eabi/6.3.1/../../../../arm-none-eabi/lib/thumb/v7e-m\libc.a(lib_a-setbuf.o)
                              src/main.o (setbuf)
c:/program files (x86)/atmel/studio/7.0/toolchain/arm/arm-gnu-toolchain/bin/../lib/gcc/arm-none-eabi/6.3.1/../../../../arm-none-eabi/lib/thumb/v7e-m\libc.a(lib_a-setvbuf.o)
                              c:/program files (x86)/atmel/studio/7.0/toolchain/arm/arm-gnu-toolchain/bin/../lib/gcc/arm-none-eabi/6.3.1/../../../../arm-none-eabi/lib/thumb/v7e-m\libc.a(lib_a-setbuf.o) (setvbuf)
c:/program files (x86)/atmel/studio/7.0/toolchain/arm/arm-gnu-toolchain/bin/../lib/gcc/arm-none-eabi/6.3.1/../../../../arm-none-eabi/lib/thumb/v7e-m\libc.a(lib_a-strcat.o)
                              src/main.o (strcat)
[...]
Memory Configuration

Name             Origin             Length             Attributes
rom              0x00400000         0x00200000         xr
ram              0x20400000         0x00060000         xrw
*default*        0x00000000         0xffffffff

Linker script and memory map

LOAD c:/program files (x86)/atmel/studio/7.0/toolchain/arm/arm-gnu-toolchain/bin/../lib/gcc/arm-none-eabi/6.3.1/thumb/v7e-m/crti.o
LOAD c:/program files (x86)/atmel/studio/7.0/toolchain/arm/arm-gnu-toolchain/bin/../lib/gcc/arm-none-eabi/6.3.1/thumb/v7e-m/crtbegin.o
LOAD c:/program files (x86)/atmel/studio/7.0/toolchain/arm/arm-gnu-toolchain/bin/../lib/gcc/arm-none-eabi/6.3.1/../../../../arm-none-eabi/lib/thumb/v7e-m/crt0.o
LOAD src/ASF/common/components/touch/mxt/mxt_device_1.o
LOAD src/ASF/common/services/clock/same70/sysclk.o
LOAD src/ASF/common/services/delay/sam/cycle_counter.o
LOAD src/ASF/common/services/serial/usart_serial.o
LOAD src/ASF/common/services/spi/sam_spi/spi_master.o
LOAD src/ASF/common/utils/interrupt/interrupt_sam_nvic.o
LOAD src/ASF/common/utils/stdio/read.o
LOAD src/ASF/common/utils/stdio/write.o
LOAD src/ASF/sam/boards/same70_xplained/init.o
LOAD src/ASF/sam/components/display/ili9488/ili9488.o
LOAD src/ASF/sam/drivers/mpu/mpu.o
LOAD src/ASF/sam/drivers/pio/pio.o
LOAD src/ASF/sam/drivers/pio/pio_handler.o
LOAD src/ASF/sam/drivers/pmc/pmc.o
LOAD src/ASF/sam/drivers/pmc/sleep.o
LOAD src/ASF/sam/drivers/spi/spi.o
LOAD src/ASF/sam/drivers/tc/tc.o
LOAD src/ASF/sam/drivers/twihs/twihs.o
LOAD src/ASF/sam/drivers/uart/uart.o
LOAD src/ASF/sam/drivers/usart/usart.o
LOAD src/ASF/sam/utils/cmsis/same70/source/templates/gcc/startup_same70.o
LOAD src/ASF/sam/utils/cmsis/same70/source/templates/system_same70.o
LOAD src/ASF/sam/utils/syscalls/gcc/syscalls.o
LOAD src/main.o
START GROUP
LOAD ../src/ASF/thirdparty/CMSIS/Lib/GCC\libarm_cortexM7lfsp_math_softfp.a
LOAD c:/program files (x86)/atmel/studio/7.0/toolchain/arm/arm-gnu-toolchain/bin/../lib/gcc/arm-none-eabi/6.3.1/../../../../arm-none-eabi/lib/thumb/v7e-m\libm.a
END GROUP
START GROUP
LOAD c:/program files (x86)/atmel/studio/7.0/toolchain/arm/arm-gnu-toolchain/bin/../lib/gcc/arm-none-eabi/6.3.1/thumb/v7e-m\libgcc.a
LOAD c:/program files (x86)/atmel/studio/7.0/toolchain/arm/arm-gnu-toolchain/bin/../lib/gcc/arm-none-eabi/6.3.1/../../../../arm-none-eabi/lib/thumb/v7e-m\libc.a
END GROUP
LOAD c:/program files (x86)/atmel/studio/7.0/toolchain/arm/arm-gnu-toolchain/bin/../lib/gcc/arm-none-eabi/6.3.1/thumb/v7e-m/crtend.o
LOAD c:/program files (x86)/atmel/studio/7.0/toolchain/arm/arm-gnu-toolchain/bin/../lib/gcc/arm-none-eabi/6.3.1/thumb/v7e-m/crtn.o
                0x00002000                STACK_SIZE = DEFINED (STACK_SIZE)?STACK_SIZE:0x2000
                0x2045fffc                __ram_end__ = ((ORIGIN (ram) + LENGTH (ram)) - 0x4)
                0x00000200                HEAP_SIZE = DEFINED (HEAP_SIZE)?HEAP_SIZE:0x200

.text           0x00400000    0x1f970
                0x00400000                . = ALIGN (0x4)
                0x00400000                _sfixed = .
 *(.vectors .vectors.*)
 .vectors       0x00400000      0x168 src/ASF/sam/utils/cmsis/same70/source/templates/gcc/startup_same70.o
                0x00400000                exception_table
 *(.text .text.* .gnu.linkonce.t.*)
 .text          0x00400168       0x6c c:/program files (x86)/atmel/studio/7.0/toolchain/arm/arm-gnu-toolchain/bin/../lib/gcc/arm-none-eabi/6.3.1/thumb/v7e-m/crtbegin.o
 .text.ioport_get_pin_level
                0x004001d4       0x50 src/ASF/common/components/touch/mxt/mxt_device_1.o
 .text.mxt_get_tot_report_ids
                0x00400224       0x4a src/ASF/common/components/touch/mxt/mxt_device_1.o
 *fill*         0x0040026e        0x2 
 .text.mxt_read_id_block
                0x00400270       0x68 src/ASF/common/components/touch/mxt/mxt_device_1.o
 .text.mxt_read_object_table
                0x004002d8       0x8c src/ASF/common/components/touch/mxt/mxt_device_1.o
 .text.mxt_read_info_block
                0x00400364       0x48 src/ASF/common/components/touch/mxt/mxt_device_1.o
 .text.mxt_create_report_id_map
                0x004003ac       0xe4 src/ASF/common/components/touch/mxt/mxt_device_1.o
 .text.mxt_crc_24
                0x00400490       0x50 src/ASF/common/components/touch/mxt/mxt_device_1.o
 .text.mxt_calculate_infoblock_crc
                0x004004e0       0xd4 src/ASF/common/components/touch/mxt/mxt_device_1.o
 .text.mxt_get_crc_value
                0x004005b4       0x90 src/ASF/common/components/touch/mxt/mxt_device_1.o
 .text.mxt_validate_info_block
                0x00400644       0x3c src/ASF/common/components/touch/mxt/mxt_device_1.o
 .text.mxt_get_object_size
                0x00400680       0x66 src/ASF/common/components/touch/mxt/mxt_device_1.o
 *fill*         0x004006e6        0x2 
 .text.mxt_get_report_id_offset
                0x004006e8       0x54 src/ASF/common/components/touch/mxt/mxt_device_1.o
 .text.mxt_info_le_to_cpu
                0x0040073c       0x56 src/ASF/common/components/touch/mxt/mxt_device_1.o
 *fill*         0x00400792        0x2 
 .text.mxt_init_device
                0x00400794       0xb8 src/ASF/common/components/touch/mxt/mxt_device_1.o
                0x00400794                mxt_init_device
 .text.mxt_get_object_address
                0x0040084c       0x66 src/ASF/common/components/touch/mxt/mxt_device_1.o
                0x0040084c                mxt_get_object_address
 *fill*         0x004008b2        0x2 
 .text.mxt_write_config_object
                0x004008b4       0x7c src/ASF/common/components/touch/mxt/mxt_device_1.o
                0x004008b4                mxt_write_config_object
 .text.mxt_write_config_reg
                0x00400930       0x6c src/ASF/common/components/touch/mxt/mxt_device_1.o
                0x00400930                mxt_write_config_reg
 .text.mxt_is_message_pending
                0x0040099c       0x30 src/ASF/common/components/touch/mxt/mxt_device_1.o
                0x0040099c                mxt_is_message_pending
 .text.mxt_read_message
                0x004009cc       0x78 src/ASF/common/components/touch/mxt/mxt_device_1.o
                0x004009cc                mxt_read_message
 .text.mxt_read_touch_event
                0x00400a44       0xb8 src/ASF/common/components/touch/mxt/mxt_device_1.o
                0x00400a44                mxt_read_touch_event
 .text.mxt_get_object_type
                0x00400afc       0x24 src/ASF/common/components/touch/mxt/mxt_device_1.o
                0x00400afc                mxt_get_object_type
 .text.osc_enable
                0x00400b20       0x88 src/ASF/common/services/clock/same70/sysclk.o
 .text.osc_is_ready
                0x00400ba8       0x70 src/ASF/common/services/clock/same70/sysclk.o
 .text.osc_get_rate
                0x00400c18       0x74 src/ASF/common/services/clock/same70/sysclk.o
 .text.osc_wait_ready
                0x00400c8c       0x2c src/ASF/common/services/clock/same70/sysclk.o
 .text.pll_config_init
                0x00400cb8       0x6c src/ASF/common/services/clock/same70/sysclk.o
 .text.pll_enable
                0x00400d24       0x40 src/ASF/common/services/clock/same70/sysclk.o
 .text.pll_is_locked
                0x00400d64       0x2c src/ASF/common/services/clock/same70/sysclk.o
 .text.pll_enable_source
                0x00400d90       0x38 src/ASF/common/services/clock/same70/sysclk.o
 .text.pll_wait_for_lock
                0x00400dc8       0x24 src/ASF/common/services/clock/same70/sysclk.o
 .text.sysclk_get_main_hz
                0x00400dec       0x20 src/ASF/common/services/clock/same70/sysclk.o
 .text.sysclk_get_cpu_hz
                0x00400e0c       0x14 src/ASF/common/services/clock/same70/sysclk.o
 .text.sysclk_init
                0x00400e20       0x7c src/ASF/common/services/clock/same70/sysclk.o
                0x00400e20                sysclk_init
 .text.usart_serial_putchar
                0x00400e9c      0x10c src/ASF/common/services/serial/usart_serial.o
 .text.usart_serial_write_packet
                0x00400fa8       0x3c src/ASF/common/services/serial/usart_serial.o
                0x00400fa8                usart_serial_write_packet
 .text.osc_get_rate
                0x00400fe4       0x74 src/ASF/common/services/spi/sam_spi/spi_master.o
 .text.sysclk_get_main_hz
                0x00401058       0x20 src/ASF/common/services/spi/sam_spi/spi_master.o
 .text.sysclk_get_peripheral_hz
                0x00401078       0x14 src/ASF/common/services/spi/sam_spi/spi_master.o
 .text.spi_reset
                0x0040108c       0x1a src/ASF/common/services/spi/sam_spi/spi_master.o
 .text.spi_set_master_mode
                0x004010a6       0x20 src/ASF/common/services/spi/sam_spi/spi_master.o
 .text.spi_set_fixed_peripheral_select
                0x004010c6       0x20 src/ASF/common/services/spi/sam_spi/spi_master.o
 .text.spi_disable_peripheral_select_decode
                0x004010e6       0x20 src/ASF/common/services/spi/sam_spi/spi_master.o
 .text.spi_get_peripheral_select_decode_setting
                0x00401106       0x26 src/ASF/common/services/spi/sam_spi/spi_master.o
 .text.spi_disable_mode_fault_detect
                0x0040112c       0x20 src/ASF/common/services/spi/sam_spi/spi_master.o
 .text.spi_disable_loopback
                0x0040114c       0x20 src/ASF/common/services/spi/sam_spi/spi_master.o
 .text.spi_put  0x0040116c       0x1e src/ASF/common/services/spi/sam_spi/spi_master.o
 .text.spi_get  0x0040118a       0x1a src/ASF/common/services/spi/sam_spi/spi_master.o
 .text.spi_is_tx_ready
                0x004011a4       0x26 src/ASF/common/services/spi/sam_spi/spi_master.o
 .text.spi_is_rx_ready
                0x004011ca       0x2c src/ASF/common/services/spi/sam_spi/spi_master.o
 *fill*         0x004011f6        0x2 
 .text.spi_write_single
                0x004011f8       0x24 src/ASF/common/services/spi/sam_spi/spi_master.o
 .text.spi_read_single
                0x0040121c       0x24 src/ASF/common/services/spi/sam_spi/spi_master.o
 .text.spi_master_init
                0x00401240       0x70 src/ASF/common/services/spi/sam_spi/spi_master.o
                0x00401240                spi_master_init
 .text.spi_master_setup_device
                0x004012b0       0xb4 src/ASF/common/services/spi/sam_spi/spi_master.o
                0x004012b0                spi_master_setup_device
 .text.spi_select_device
                0x00401364       0x58 src/ASF/common/services/spi/sam_spi/spi_master.o
                0x00401364                spi_select_device
 .text.spi_write_packet
                0x004013bc       0x74 src/ASF/common/services/spi/sam_spi/spi_master.o
                0x004013bc                spi_write_packet
 .text.spi_read_packet
                0x00401430       0xac src/ASF/common/services/spi/sam_spi/spi_master.o
                0x00401430                spi_read_packet
 .text._read    0x004014dc       0x54 src/ASF/common/utils/stdio/read.o
                0x004014dc                _read
 .text._write   0x00401530       0x6c src/ASF/common/utils/stdio/write.o
                0x00401530                _write
 .text.SCB_EnableICache
                0x0040159c       0x38 src/ASF/sam/boards/same70_xplained/init.o
 .text.SCB_EnableDCache
                0x004015d4       0xa4 src/ASF/sam/boards/same70_xplained/init.o
 .text.sysclk_enable_peripheral_clock
                0x00401678       0x1c src/ASF/sam/boards/same70_xplained/init.o
 .text.ioport_init
                0x00401694       0x2c src/ASF/sam/boards/same70_xplained/init.o
 .text.ioport_disable_pin
                0x004016c0       0x4c src/ASF/sam/boards/same70_xplained/init.o
 .text.ioport_set_pin_mode
                0x0040170c      0x11c src/ASF/sam/boards/same70_xplained/init.o
 .text.ioport_set_pin_dir
                0x00401828       0x88 src/ASF/sam/boards/same70_xplained/init.o
 .text.ioport_set_pin_level
                0x004018b0       0x6c src/ASF/sam/boards/same70_xplained/init.o
 .text.ioport_set_pin_sense_mode
                0x0040191c       0xd0 src/ASF/sam/boards/same70_xplained/init.o
 .text.tcm_disable
                0x004019ec       0x44 src/ASF/sam/boards/same70_xplained/init.o
 .text.board_init
                0x00401a30      0x1d8 src/ASF/sam/boards/same70_xplained/init.o
                0x00401a30                board_init
 .text.spi_enable
                0x00401c08       0x1a src/ASF/sam/components/display/ili9488/ili9488.o
 .text.spi_enable_interrupt
                0x00401c22       0x1c src/ASF/sam/components/display/ili9488/ili9488.o
 *fill*         0x00401c3e        0x2 
 .text.ili9488_write_ram_prepare
                0x00401c40       0x40 src/ASF/sam/components/display/ili9488/ili9488.o
 .text.ili9488_write_ram_buffer
                0x00401c80       0x40 src/ASF/sam/components/display/ili9488/ili9488.o
 .text.ili9488_write_register
                0x00401cc0       0x78 src/ASF/sam/components/display/ili9488/ili9488.o
 .text.ili9488_read_chipid
                0x00401d38       0xcc src/ASF/sam/components/display/ili9488/ili9488.o
 .text.ili9488_delay
                0x00401e04       0x40 src/ASF/sam/components/display/ili9488/ili9488.o
                0x00401e04                ili9488_delay
 .text.ili9488_check_box_coordinates
                0x00401e44       0xa2 src/ASF/sam/components/display/ili9488/ili9488.o
 *fill*         0x00401ee6        0x2 
 .text.ili9488_set_display_direction
                0x00401ee8       0x34 src/ASF/sam/components/display/ili9488/ili9488.o
                0x00401ee8                ili9488_set_display_direction
 .text.ili9488_set_window
                0x00401f1c       0xc8 src/ASF/sam/components/display/ili9488/ili9488.o
                0x00401f1c                ili9488_set_window
 .text.ili9488_init
                0x00401fe4      0x15c src/ASF/sam/components/display/ili9488/ili9488.o
                0x00401fe4                ili9488_init
 .text.ili9488_display_on
                0x00402140       0x18 src/ASF/sam/components/display/ili9488/ili9488.o
                0x00402140                ili9488_display_on
 .text.ili9488_set_foreground_color
                0x00402158       0x54 src/ASF/sam/components/display/ili9488/ili9488.o
                0x00402158                ili9488_set_foreground_color
 .text.ili9488_set_cursor_position
                0x004021ac       0x84 src/ASF/sam/components/display/ili9488/ili9488.o
                0x004021ac                ili9488_set_cursor_position
 .text.ili9488_draw_filled_rectangle
                0x00402230       0xdc src/ASF/sam/components/display/ili9488/ili9488.o
                0x00402230                ili9488_draw_filled_rectangle
 .text.ili9488_draw_filled_circle
                0x0040230c      0x114 src/ASF/sam/components/display/ili9488/ili9488.o
                0x0040230c                ili9488_draw_filled_circle
 .text.ili9488_draw_pixmap
                0x00402420       0xb4 src/ASF/sam/components/display/ili9488/ili9488.o
                0x00402420                ili9488_draw_pixmap
 .text.pio_pull_up
                0x004024d4       0x2c src/ASF/sam/drivers/pio/pio.o
                0x004024d4                pio_pull_up
 .text.pio_set  0x00402500       0x1c src/ASF/sam/drivers/pio/pio.o
                0x00402500                pio_set
 .text.pio_set_peripheral
                0x0040251c      0x110 src/ASF/sam/drivers/pio/pio.o
                0x0040251c                pio_set_peripheral
 .text.pio_set_input
                0x0040262c       0x80 src/ASF/sam/drivers/pio/pio.o
                0x0040262c                pio_set_input
 .text.pio_set_output
                0x004026ac       0x64 src/ASF/sam/drivers/pio/pio.o
                0x004026ac                pio_set_output
 .text.pio_configure
                0x00402710       0xcc src/ASF/sam/drivers/pio/pio.o
                0x00402710                pio_configure
 .text.pio_disable_interrupt
                0x004027dc       0x1c src/ASF/sam/drivers/pio/pio.o
                0x004027dc                pio_disable_interrupt
 .text.pio_get_interrupt_status
                0x004027f8       0x18 src/ASF/sam/drivers/pio/pio.o
                0x004027f8                pio_get_interrupt_status
 .text.pio_get_interrupt_mask
                0x00402810       0x18 src/ASF/sam/drivers/pio/pio.o
                0x00402810                pio_get_interrupt_mask
 .text.pio_set_pin_high
                0x00402828       0x30 src/ASF/sam/drivers/pio/pio.o
                0x00402828                pio_set_pin_high
 .text.pio_set_pin_low
                0x00402858       0x30 src/ASF/sam/drivers/pio/pio.o
                0x00402858                pio_set_pin_low
 .text.pio_configure_pin
                0x00402888      0x1b0 src/ASF/sam/drivers/pio/pio.o
                0x00402888                pio_configure_pin
 .text.pio_get_pin_group
                0x00402a38       0x28 src/ASF/sam/drivers/pio/pio.o
                0x00402a38                pio_get_pin_group
 .text.pio_handler_process
                0x00402a60       0xb4 src/ASF/sam/drivers/pio/pio_handler.o
                0x00402a60                pio_handler_process
 .text.PIOA_Handler
                0x00402b14       0x18 src/ASF/sam/drivers/pio/pio_handler.o
                0x00402b14                PIOA_Handler
 .text.PIOB_Handler
                0x00402b2c       0x18 src/ASF/sam/drivers/pio/pio_handler.o
                0x00402b2c                PIOB_Handler
 .text.PIOC_Handler
                0x00402b44       0x18 src/ASF/sam/drivers/pio/pio_handler.o
                0x00402b44                PIOC_Handler
 .text.PIOD_Handler
                0x00402b5c       0x18 src/ASF/sam/drivers/pio/pio_handler.o
                0x00402b5c                PIOD_Handler
 .text.PIOE_Handler
                0x00402b74       0x18 src/ASF/sam/drivers/pio/pio_handler.o
                0x00402b74                PIOE_Handler
 .text.pmc_mck_set_division
                0x00402b8c       0x7c src/ASF/sam/drivers/pmc/pmc.o
                0x00402b8c                pmc_mck_set_division
 .text.pmc_switch_mck_to_pllack
                0x00402c08       0x84 src/ASF/sam/drivers/pmc/pmc.o
                0x00402c08                pmc_switch_mck_to_pllack
 .text.pmc_switch_sclk_to_32kxtal
                0x00402c8c       0x38 src/ASF/sam/drivers/pmc/pmc.o
                0x00402c8c                pmc_switch_sclk_to_32kxtal
 .text.pmc_osc_is_ready_32kxtal
                0x00402cc4       0x34 src/ASF/sam/drivers/pmc/pmc.o
                0x00402cc4                pmc_osc_is_ready_32kxtal
 .text.pmc_switch_mainck_to_fastrc
                0x00402cf8       0x70 src/ASF/sam/drivers/pmc/pmc.o
                0x00402cf8                pmc_switch_mainck_to_fastrc
 .text.pmc_switch_mainck_to_xtal
                0x00402d68       0x78 src/ASF/sam/drivers/pmc/pmc.o
                0x00402d68                pmc_switch_mainck_to_xtal
 .text.pmc_osc_is_ready_mainck
                0x00402de0       0x1c src/ASF/sam/drivers/pmc/pmc.o
                0x00402de0                pmc_osc_is_ready_mainck
 .text.pmc_disable_pllack
                0x00402dfc       0x1c src/ASF/sam/drivers/pmc/pmc.o
                0x00402dfc                pmc_disable_pllack
 .text.pmc_is_locked_pllack
                0x00402e18       0x1c src/ASF/sam/drivers/pmc/pmc.o
                0x00402e18                pmc_is_locked_pllack
 .text.pmc_is_locked_upll
                0x00402e34       0x1c src/ASF/sam/drivers/pmc/pmc.o
                0x00402e34                pmc_is_locked_upll
 .text.pmc_enable_periph_clk
                0x00402e50       0x3c src/ASF/sam/drivers/pmc/pmc.o
                0x00402e50                pmc_enable_periph_clk
 .text.spi_get_peripheral_select_mode
                0x00402e8c       0x26 src/ASF/sam/drivers/spi/spi.o
 *fill*         0x00402eb2        0x2 
 .text.sysclk_enable_peripheral_clock
                0x00402eb4       0x1c src/ASF/sam/drivers/spi/spi.o
 .text.spi_enable_clock
                0x00402ed0       0x3c src/ASF/sam/drivers/spi/spi.o
                0x00402ed0                spi_enable_clock
 .text.spi_set_peripheral_chip_select_value
                0x00402f0c       0x34 src/ASF/sam/drivers/spi/spi.o
                0x00402f0c                spi_set_peripheral_chip_select_value
 .text.spi_set_delay_between_chip_select
                0x00402f40       0x30 src/ASF/sam/drivers/spi/spi.o
                0x00402f40                spi_set_delay_between_chip_select
 .text.spi_write
                0x00402f70       0x80 src/ASF/sam/drivers/spi/spi.o
                0x00402f70                spi_write
 .text.spi_set_clock_polarity
                0x00402ff0       0x50 src/ASF/sam/drivers/spi/spi.o
                0x00402ff0                spi_set_clock_polarity
 .text.spi_set_clock_phase
                0x00403040       0x50 src/ASF/sam/drivers/spi/spi.o
                0x00403040                spi_set_clock_phase
 .text.spi_configure_cs_behavior
                0x00403090       0xa6 src/ASF/sam/drivers/spi/spi.o
                0x00403090                spi_configure_cs_behavior
 .text.spi_set_bits_per_transfer
                0x00403136       0x4a src/ASF/sam/drivers/spi/spi.o
                0x00403136                spi_set_bits_per_transfer
 .text.spi_calc_baudrate_div
                0x00403180       0x3c src/ASF/sam/drivers/spi/spi.o
                0x00403180                spi_calc_baudrate_div
 .text.spi_set_baudrate_div
                0x004031bc       0x5e src/ASF/sam/drivers/spi/spi.o
                0x004031bc                spi_set_baudrate_div
 .text.spi_set_transfer_delay
                0x0040321a       0x5e src/ASF/sam/drivers/spi/spi.o
                0x0040321a                spi_set_transfer_delay
 .text.twihs_enable_master_mode
                0x00403278       0x26 src/ASF/sam/drivers/twihs/twihs.o
                0x00403278                twihs_enable_master_mode
 *fill*         0x0040329e        0x2 
 .text.twihs_master_init
                0x004032a0       0x58 src/ASF/sam/drivers/twihs/twihs.o
                0x004032a0                twihs_master_init
 .text.twihs_set_speed
                0x004032f8       0xf4 src/ASF/sam/drivers/twihs/twihs.o
                0x004032f8                twihs_set_speed
 .text.twihs_mk_addr
                0x004033ec       0x5c src/ASF/sam/drivers/twihs/twihs.o
 .text.twihs_master_read
                0x00403448       0xe8 src/ASF/sam/drivers/twihs/twihs.o
                0x00403448                twihs_master_read
 .text.twihs_master_write
                0x00403530       0xdc src/ASF/sam/drivers/twihs/twihs.o
                0x00403530                twihs_master_write
 .text.twihs_reset
                0x0040360c       0x1e src/ASF/sam/drivers/twihs/twihs.o
                0x0040360c                twihs_reset
 .text.uart_init
                0x0040362a       0x58 src/ASF/sam/drivers/uart/uart.o
                0x0040362a                uart_init
 .text.uart_write
                0x00403682       0x30 src/ASF/sam/drivers/uart/uart.o
                0x00403682                uart_write
 .text.uart_read
                0x004036b2       0x32 src/ASF/sam/drivers/uart/uart.o
                0x004036b2                uart_read
 .text.usart_set_async_baudrate
                0x004036e4       0x8a src/ASF/sam/drivers/usart/usart.o
                0x004036e4                usart_set_async_baudrate
 *fill*         0x0040376e        0x2 
 .text.usart_reset
                0x00403770       0x54 src/ASF/sam/drivers/usart/usart.o
                0x00403770                usart_reset
 .text.usart_init_rs232
                0x004037c4       0x84 src/ASF/sam/drivers/usart/usart.o
                0x004037c4                usart_init_rs232
 .text.usart_enable_tx
                0x00403848       0x1a src/ASF/sam/drivers/usart/usart.o
                0x00403848                usart_enable_tx
 .text.usart_reset_tx
                0x00403862       0x1a src/ASF/sam/drivers/usart/usart.o
                0x00403862                usart_reset_tx
 .text.usart_enable_rx
                0x0040387c       0x1a src/ASF/sam/drivers/usart/usart.o
                0x0040387c                usart_enable_rx
 .text.usart_reset_rx
                0x00403896       0x1a src/ASF/sam/drivers/usart/usart.o
                0x00403896                usart_reset_rx
 .text.usart_reset_status
                0x004038b0       0x1c src/ASF/sam/drivers/usart/usart.o
                0x004038b0                usart_reset_status
 .text.usart_drive_RTS_pin_high
                0x004038cc       0x1c src/ASF/sam/drivers/usart/usart.o
                0x004038cc                usart_drive_RTS_pin_high
 .text.usart_is_tx_ready
                0x004038e8       0x26 src/ASF/sam/drivers/usart/usart.o
                0x004038e8                usart_is_tx_ready
 .text.usart_write
                0x0040390e       0x32 src/ASF/sam/drivers/usart/usart.o
                0x0040390e                usart_write
 .text.usart_read
                0x00403940       0x34 src/ASF/sam/drivers/usart/usart.o
                0x00403940                usart_read
 .text.usart_disable_writeprotect
                0x00403974       0x20 src/ASF/sam/drivers/usart/usart.o
                0x00403974                usart_disable_writeprotect
 .text.cpu_irq_save
                0x00403994       0x38 src/ASF/sam/utils/cmsis/same70/source/templates/gcc/startup_same70.o
 .text.cpu_irq_is_enabled_flags
                0x004039cc       0x20 src/ASF/sam/utils/cmsis/same70/source/templates/gcc/startup_same70.o
 .text.cpu_irq_restore
                0x004039ec       0x30 src/ASF/sam/utils/cmsis/same70/source/templates/gcc/startup_same70.o
 .text.Reset_Handler
                0x00403a1c       0xb0 src/ASF/sam/utils/cmsis/same70/source/templates/gcc/startup_same70.o
                0x00403a1c                Reset_Handler
 .text.Dummy_Handler
                0x00403acc        0x6 src/ASF/sam/utils/cmsis/same70/source/templates/gcc/startup_same70.o
                0x00403acc                DACC_Handler
                0x00403acc                DebugMon_Handler
                0x00403acc                UART3_Handler
                0x00403acc                UART2_Handler
                0x00403acc                TRNG_Handler
                0x00403acc                HardFault_Handler
                0x00403acc                TC2_Handler
                0x00403acc                AFEC1_Handler
                0x00403acc                PendSV_Handler
                0x00403acc                NMI_Handler
                0x00403acc                TC7_Handler
                0x00403acc                QSPI_Handler
                0x00403acc                ISI_Handler
                0x00403acc                MCAN0_INT0_Handler
                0x00403acc                TC9_Handler
                0x00403acc                RSWDT_Handler
                0x00403acc                USART0_Handler
                0x00403acc                RTT_Handler
                0x00403acc                USBHS_Handler
                0x00403acc                IXC_Handler
                0x00403acc                CCF_Handler
                0x00403acc                RTC_Handler
                0x00403acc                UsageFault_Handler
                0x00403acc                TC6_Handler
                0x00403acc                WDT_Handler
                0x00403acc                MCAN1_INT1_Handler
                0x00403acc                TC4_Handler
                0x00403acc                TC1_Handler
                0x00403acc                HSMCI_Handler
                0x00403acc                UART1_Handler
                0x00403acc                TC3_Handler
                0x00403acc                Dummy_Handler
                0x00403acc                TWIHS1_Handler
                0x00403acc                XDMAC_Handler
                0x00403acc                UART4_Handler
                0x00403acc                PWM1_Handler
                0x00403acc                USART1_Handler
                0x00403acc                PWM0_Handler
                0x00403acc                AFEC0_Handler
                0x00403acc                CCW_Handler
                0x00403acc                TC11_Handler
                0x00403acc                SSC_Handler
                0x00403acc                ACC_Handler
                0x00403acc                PMC_Handler
                0x00403acc                GMAC_Handler
                0x00403acc                MCAN0_INT1_Handler
                0x00403acc                MemManage_Handler
                0x00403acc                SUPC_Handler
                0x00403acc                SVC_Handler
                0x00403acc                TC8_Handler
                0x00403acc                MCAN1_INT0_Handler
                0x00403acc                EFC_Handler
                0x00403acc                GMAC_Q1_Handler
                0x00403acc                USART2_Handler
                0x00403acc                SDRAMC_Handler
                0x00403acc                GMAC_Q2_Handler
                0x00403acc                SPI1_Handler
                0x00403acc                TC10_Handler
                0x00403acc                TWIHS2_Handler
                0x00403acc                UART0_Handler
                0x00403acc                FPU_Handler
                0x00403acc                BusFault_Handler
                0x00403acc                RSTC_Handler
                0x00403acc                TC0_Handler
                0x00403acc                TC5_Handler
                0x00403acc                AES_Handler
                0x00403acc                ICM_Handler
                0x00403acc                TWIHS0_Handler
                0x00403acc                SPI0_Handler
 *fill*         0x00403ad2        0x2 
 .text.SystemCoreClockUpdate
                0x00403ad4      0x168 src/ASF/sam/utils/cmsis/same70/source/templates/system_same70.o
                0x00403ad4                SystemCoreClockUpdate
 .text.system_init_flash
                0x00403c3c       0xb0 src/ASF/sam/utils/cmsis/same70/source/templates/system_same70.o
                0x00403c3c                system_init_flash
 .text._sbrk    0x00403cec       0x58 src/ASF/sam/utils/syscalls/gcc/syscalls.o
                0x00403cec                _sbrk
 .text._close   0x00403d44       0x18 src/ASF/sam/utils/syscalls/gcc/syscalls.o
                0x00403d44                _close
 .text._fstat   0x00403d5c       0x20 src/ASF/sam/utils/syscalls/gcc/syscalls.o
                0x00403d5c                _fstat
 .text._isatty  0x00403d7c       0x16 src/ASF/sam/utils/syscalls/gcc/syscalls.o
                0x00403d7c                _isatty
 .text._lseek   0x00403d92       0x1a src/ASF/sam/utils/syscalls/gcc/syscalls.o
                0x00403d92                _lseek
 .text.NVIC_SetPriority
                0x00403dac       0x54 src/main.o
 .text.SysTick_Config
                0x00403e00       0x48 src/main.o
 .text.osc_get_rate
                0x00403e48       0x74 src/main.o
 .text.sysclk_get_main_hz
                0x00403ebc       0x20 src/main.o
 .text.sysclk_get_cpu_hz
                0x00403edc       0x14 src/main.o
 .text.sysclk_get_peripheral_hz
                0x00403ef0       0x14 src/main.o
 .text.sysclk_enable_peripheral_clock
                0x00403f04       0x1c src/main.o
 .text.usart_serial_init
                0x00403f20      0x180 src/main.o
 .text.usart_serial_putchar
                0x004040a0      0x10c src/main.o
 .text.usart_serial_getchar
                0x004041ac      0x108 src/main.o
 .text.stdio_serial_init
                0x004042b4       0x68 src/main.o
 .text.twihs_master_setup
                0x0040431c       0x74 src/main.o
 .text.mxt_handler
                0x00404390      0x10c src/main.o
                0x00404390                mxt_handler
 .text.SysTick_Handler
                0x0040449c       0x1c src/main.o
                0x0040449c                SysTick_Handler
 .text.configure_lcd
                0x004044b8       0x38 src/main.o
 .text.mxt_init
                0x004044f0      0x210 src/main.o
 .text.draw_screen
                0x00404700       0x2c src/main.o
                0x00404700                draw_screen
 .text.convert_axis_system_x
                0x0040472c       0x24 src/main.o
                0x0040472c                convert_axis_system_x
 .text.convert_axis_system_y
                0x00404750       0x20 src/main.o
                0x00404750                convert_axis_system_y
 .text.update_screen
                0x00404770      0x208 src/main.o
                0x00404770                update_screen
 .text.usart_put_string
                0x00404978       0x2c src/main.o
                0x00404978                usart_put_string
 .text.usart_get_string
                0x004049a4       0x74 src/main.o
                0x004049a4                usart_get_string
 .text.usart_send_command
                0x00404a18       0x34 src/main.o
                0x00404a18                usart_send_command
 .text.usart_log
                0x00404a4c       0x50 src/main.o
                0x00404a4c                usart_log
 .text.hc05_config_server
                0x00404a9c       0x6c src/main.o
                0x00404a9c                hc05_config_server
 .text.hc05_server_init
                0x00404b08       0xa4 src/main.o
                0x00404b08                hc05_server_init
 .text.draw_buttons
                0x00404bac      0x140 src/main.o
                0x00404bac                draw_buttons
 .text.main     0x00404cec      0x288 src/main.o
                0x00404cec                main
 .text          0x00404f74       0x30 c:/program files (x86)/atmel/studio/7.0/toolchain/arm/arm-gnu-toolchain/bin/../lib/gcc/arm-none-eabi/6.3.1/thumb/v7e-m\libgcc.a(_aeabi_uldivmod.o)
                0x00404f74                __aeabi_uldivmod
 .text          0x00404fa4      0x2dc c:/program files (x86)/atmel/studio/7.0/toolchain/arm/arm-gnu-toolchain/bin/../lib/gcc/arm-none-eabi/6.3.1/thumb/v7e-m\libgcc.a(_udivmoddi4.o)
                0x00404fa4                __udivmoddi4
 .text          0x00405280        0x4 c:/program files (x86)/atmel/studio/7.0/toolchain/arm/arm-gnu-toolchain/bin/../lib/gcc/arm-none-eabi/6.3.1/thumb/v7e-m\libgcc.a(_dvmd_tls.o)
                0x00405280                __aeabi_idiv0
                0x00405280                __aeabi_ldiv0
 .text.__libc_init_array
                0x00405284       0x50 c:/program files (x86)/atmel/studio/7.0/toolchain/arm/arm-gnu-toolchain/bin/../lib/gcc/arm-none-eabi/6.3.1/../../../../arm-none-eabi/lib/thumb/v7e-m\libc.a(lib_a-init.o)
                0x00405284                __libc_init_array
 .text.iprintf  0x004052d4       0x28 c:/program files (x86)/atmel/studio/7.0/toolchain/arm/arm-gnu-toolchain/bin/../lib/gcc/arm-none-eabi/6.3.1/../../../../arm-none-eabi/lib/thumb/v7e-m\libc.a(lib_a-iprintf.o)
                0x004052d4                iprintf
 .text.malloc   0x004052fc       0x10 c:/program files (x86)/atmel/studio/7.0/toolchain/arm/arm-gnu-toolchain/bin/../lib/gcc/arm-none-eabi/6.3.1/../../../../arm-none-eabi/lib/thumb/v7e-m\libc.a(lib_a-malloc.o)
                0x004052fc                malloc
 .text._malloc_r
                0x0040530c      0x560 c:/program files (x86)/atmel/studio/7.0/toolchain/arm/arm-gnu-toolchain/bin/../lib/gcc/arm-none-eabi/6.3.1/../../../../arm-none-eabi/lib/thumb/v7e-m\libc.a(lib_a-mallocr.o)
                0x0040530c                _malloc_r
 .text.memset   0x0040586c       0x9c c:/program files (x86)/atmel/studio/7.0/toolchain/arm/arm-gnu-toolchain/bin/../lib/gcc/arm-none-eabi/6.3.1/../../../../arm-none-eabi/lib/thumb/v7e-m\libc.a(lib_a-memset.o)
                0x0040586c                memset
 .text.__malloc_lock
                0x00405908        0xc c:/program files (x86)/atmel/studio/7.0/toolchain/arm/arm-gnu-toolchain/bin/../lib/gcc/arm-none-eabi/6.3.1/../../../../arm-none-eabi/lib/thumb/v7e-m\libc.a(lib_a-mlock.o)
                0x00405908                __malloc_lock
 .text.__malloc_unlock
                0x00405914        0xc c:/program files (x86)/atmel/studio/7.0/toolchain/arm/arm-gnu-toolchain/bin/../lib/gcc/arm-none-eabi/6.3.1/../../../../arm-none-eabi/lib/thumb/v7e-m\libc.a(lib_a-mlock.o)
                0x00405914                __malloc_unlock
 .text._sbrk_r  0x00405920       0x24 c:/program files (x86)/atmel/studio/7.0/toolchain/arm/arm-gnu-toolchain/bin/../lib/gcc/arm-none-eabi/6.3.1/../../../../arm-none-eabi/lib/thumb/v7e-m\libc.a(lib_a-sbrkr.o)
                0x00405920                _sbrk_r
 .text.setbuf   0x00405944       0x10 c:/program files (x86)/atmel/studio/7.0/toolchain/arm/arm-gnu-toolchain/bin/../lib/gcc/arm-none-eabi/6.3.1/../../../../arm-none-eabi/lib/thumb/v7e-m\libc.a(lib_a-setbuf.o)
                0x00405944                setbuf
 .text.setvbuf  0x00405954      0x190 c:/program files (x86)/atmel/studio/7.0/toolchain/arm/arm-gnu-toolchain/bin/../lib/gcc/arm-none-eabi/6.3.1/../../../../arm-none-eabi/lib/thumb/v7e-m\libc.a(lib_a-setvbuf.o)
                0x00405954                setvbuf
 .text.strcat   0x00405ae4       0x40 c:/program files (x86)/atmel/studio/7.0/toolchain/arm/arm-gnu-toolchain/bin/../lib/gcc/arm-none-eabi/6.3.1/../../../../arm-none-eabi/lib/thumb/v7e-m\libc.a(lib_a-strcat.o)
                0x00405ae4                strcat
 .text.strcpy   0x00405b24       0xbc c:/program files (x86)/atmel/studio/7.0/toolchain/arm/arm-gnu-toolchain/bin/../lib/gcc/arm-none-eabi/6.3.1/../../../../arm-none-eabi/lib/thumb/v7e-m\libc.a(lib_a-strcpy.o)
                0x00405b24                strcpy
 *fill*         0x00405be0       0x20 
 .text          0x00405c00       0xdc c:/program files (x86)/atmel/studio/7.0/toolchain/arm/arm-gnu-toolchain/bin/../lib/gcc/arm-none-eabi/6.3.1/../../../../arm-none-eabi/lib/thumb/v7e-m\libc.a(lib_a-strlen.o)
                0x00405c00                strlen
 .text.__sprint_r.part.0
                0x00405cdc       0x80 c:/program files (x86)/atmel/studio/7.0/toolchain/arm/arm-gnu-toolchain/bin/../lib/gcc/arm-none-eabi/6.3.1/../../../../arm-none-eabi/lib/thumb/v7e-m\libc.a(lib_a-vfiprintf.o)
 .text._vfiprintf_r
                0x00405d5c      0xc90 c:/program files (x86)/atmel/studio/7.0/toolchain/arm/arm-gnu-toolchain/bin/../lib/gcc/arm-none-eabi/6.3.1/../../../../arm-none-eabi/lib/thumb/v7e-m\libc.a(lib_a-vfiprintf.o)
                0x00405d5c                _vfiprintf_r
 .text.__sbprintf
                0x004069ec       0x84 c:/program files (x86)/atmel/studio/7.0/toolchain/arm/arm-gnu-toolchain/bin/../lib/gcc/arm-none-eabi/6.3.1/../../../../arm-none-eabi/lib/thumb/v7e-m\libc.a(lib_a-vfiprintf.o)
 .text.__swsetup_r
                0x00406a70       0xc8 c:/program files (x86)/atmel/studio/7.0/toolchain/arm/arm-gnu-toolchain/bin/../lib/gcc/arm-none-eabi/6.3.1/../../../../arm-none-eabi/lib/thumb/v7e-m\libc.a(lib_a-wsetup.o)
                0x00406a70                __swsetup_r
 .text.startup.register_fini
                0x00406b38       0x14 c:/program files (x86)/atmel/studio/7.0/toolchain/arm/arm-gnu-toolchain/bin/../lib/gcc/arm-none-eabi/6.3.1/../../../../arm-none-eabi/lib/thumb/v7e-m\libc.a(lib_a-__call_atexit.o)
 .text.atexit   0x00406b4c        0xc c:/program files (x86)/atmel/studio/7.0/toolchain/arm/arm-gnu-toolchain/bin/../lib/gcc/arm-none-eabi/6.3.1/../../../../arm-none-eabi/lib/thumb/v7e-m\libc.a(lib_a-atexit.o)
                0x00406b4c                atexit
 .text.__sflush_r
                0x00406b58      0x140 c:/program files (x86)/atmel/studio/7.0/toolchain/arm/arm-gnu-toolchain/bin/../lib/gcc/arm-none-eabi/6.3.1/../../../../arm-none-eabi/lib/thumb/v7e-m\libc.a(lib_a-fflush.o)
                0x00406b58                __sflush_r
 .text._fflush_r
                0x00406c98       0x54 c:/program files (x86)/atmel/studio/7.0/toolchain/arm/arm-gnu-toolchain/bin/../lib/gcc/arm-none-eabi/6.3.1/../../../../arm-none-eabi/lib/thumb/v7e-m\libc.a(lib_a-fflush.o)
                0x00406c98                _fflush_r
 .text._cleanup_r
                0x00406cec        0xc c:/program files (x86)/atmel/studio/7.0/toolchain/arm/arm-gnu-toolchain/bin/../lib/gcc/arm-none-eabi/6.3.1/../../../../arm-none-eabi/lib/thumb/v7e-m\libc.a(lib_a-findfp.o)
                0x00406cec                _cleanup_r
 .text.std.isra.0
                0x00406cf8       0x50 c:/program files (x86)/atmel/studio/7.0/toolchain/arm/arm-gnu-toolchain/bin/../lib/gcc/arm-none-eabi/6.3.1/../../../../arm-none-eabi/lib/thumb/v7e-m\libc.a(lib_a-findfp.o)
 .text.__sinit  0x00406d48       0x58 c:/program files (x86)/atmel/studio/7.0/toolchain/arm/arm-gnu-toolchain/bin/../lib/gcc/arm-none-eabi/6.3.1/../../../../arm-none-eabi/lib/thumb/v7e-m\libc.a(lib_a-findfp.o)
                0x00406d48                __sinit
 .text.__sfp_lock_acquire
                0x00406da0        0xc c:/program files (x86)/atmel/studio/7.0/toolchain/arm/arm-gnu-toolchain/bin/../lib/gcc/arm-none-eabi/6.3.1/../../../../arm-none-eabi/lib/thumb/v7e-m\libc.a(lib_a-findfp.o)
                0x00406da0                __sfp_lock_acquire
 .text.__sfp_lock_release
                0x00406dac        0xc c:/program files (x86)/atmel/studio/7.0/toolchain/arm/arm-gnu-toolchain/bin/../lib/gcc/arm-none-eabi/6.3.1/../../../../arm-none-eabi/lib/thumb/v7e-m\libc.a(lib_a-findfp.o)
                0x00406dac                __sfp_lock_release
 .text.__libc_fini_array
                0x00406db8       0x34 c:/program files (x86)/atmel/studio/7.0/toolchain/arm/arm-gnu-toolchain/bin/../lib/gcc/arm-none-eabi/6.3.1/../../../../arm-none-eabi/lib/thumb/v7e-m\libc.a(lib_a-fini.o)
                0x00406db8                __libc_fini_array
 .text.__fputwc
                0x00406dec       0xa0 c:/program files (x86)/atmel/studio/7.0/toolchain/arm/arm-gnu-toolchain/bin/../lib/gcc/arm-none-eabi/6.3.1/../../../../arm-none-eabi/lib/thumb/v7e-m\libc.a(lib_a-fputwc.o)
                0x00406dec                __fputwc
 .text._fputwc_r
                0x00406e8c       0x68 c:/program files (x86)/atmel/studio/7.0/toolchain/arm/arm-gnu-toolchain/bin/../lib/gcc/arm-none-eabi/6.3.1/../../../../arm-none-eabi/lib/thumb/v7e-m\libc.a(lib_a-fputwc.o)
                0x00406e8c                _fputwc_r
 .text._malloc_trim_r
                0x00406ef4       0xa0 c:/program files (x86)/atmel/studio/7.0/toolchain/arm/arm-gnu-toolchain/bin/../lib/gcc/arm-none-eabi/6.3.1/../../../../arm-none-eabi/lib/thumb/v7e-m\libc.a(lib_a-freer.o)
                0x00406ef4                _malloc_trim_r
 .text._free_r  0x00406f94      0x1cc c:/program files (x86)/atmel/studio/7.0/toolchain/arm/arm-gnu-toolchain/bin/../lib/gcc/arm-none-eabi/6.3.1/../../../../arm-none-eabi/lib/thumb/v7e-m\libc.a(lib_a-freer.o)
                0x00406f94                _free_r
 .text.__sfvwrite_r
                0x00407160      0x2f0 c:/program files (x86)/atmel/studio/7.0/toolchain/arm/arm-gnu-toolchain/bin/../lib/gcc/arm-none-eabi/6.3.1/../../../../arm-none-eabi/lib/thumb/v7e-m\libc.a(lib_a-fvwrite.o)
                0x00407160                __sfvwrite_r
 .text._fwalk_reent
                0x00407450       0x54 c:/program files (x86)/atmel/studio/7.0/toolchain/arm/arm-gnu-toolchain/bin/../lib/gcc/arm-none-eabi/6.3.1/../../../../arm-none-eabi/lib/thumb/v7e-m\libc.a(lib_a-fwalk.o)
                0x00407450                _fwalk_reent
 .text.__locale_mb_cur_max
                0x004074a4       0x1c c:/program files (x86)/atmel/studio/7.0/toolchain/arm/arm-gnu-toolchain/bin/../lib/gcc/arm-none-eabi/6.3.1/../../../../arm-none-eabi/lib/thumb/v7e-m\libc.a(lib_a-locale.o)
                0x004074a4                __locale_mb_cur_max
 .text.__retarget_lock_init_recursive
                0x004074c0        0x4 c:/program files (x86)/atmel/studio/7.0/toolchain/arm/arm-gnu-toolchain/bin/../lib/gcc/arm-none-eabi/6.3.1/../../../../arm-none-eabi/lib/thumb/v7e-m\libc.a(lib_a-lock.o)
                0x004074c0                __retarget_lock_init_recursive
 .text.__retarget_lock_close_recursive
                0x004074c4        0x4 c:/program files (x86)/atmel/studio/7.0/toolchain/arm/arm-gnu-toolchain/bin/../lib/gcc/arm-none-eabi/6.3.1/../../../../arm-none-eabi/lib/thumb/v7e-m\libc.a(lib_a-lock.o)
                0x004074c4                __retarget_lock_close_recursive
 .text.__retarget_lock_acquire_recursive
                0x004074c8        0x4 c:/program files (x86)/atmel/studio/7.0/toolchain/arm/arm-gnu-toolchain/bin/../lib/gcc/arm-none-eabi/6.3.1/../../../../arm-none-eabi/lib/thumb/v7e-m\libc.a(lib_a-lock.o)
                0x004074c8                __retarget_lock_acquire_recursive
 .text.__retarget_lock_release_recursive
                0x004074cc        0x4 c:/program files (x86)/atmel/studio/7.0/toolchain/arm/arm-gnu-toolchain/bin/../lib/gcc/arm-none-eabi/6.3.1/../../../../arm-none-eabi/lib/thumb/v7e-m\libc.a(lib_a-lock.o)
                0x004074cc                __retarget_lock_release_recursive
 .text.__swhatbuf_r
                0x004074d0       0x5c c:/program files (x86)/atmel/studio/7.0/toolchain/arm/arm-gnu-toolchain/bin/../lib/gcc/arm-none-eabi/6.3.1/../../../../arm-none-eabi/lib/thumb/v7e-m\libc.a(lib_a-makebuf.o)
                0x004074d0                __swhatbuf_r
 .text.__smakebuf_r
                0x0040752c       0x94 c:/program files (x86)/atmel/studio/7.0/toolchain/arm/arm-gnu-toolchain/bin/../lib/gcc/arm-none-eabi/6.3.1/../../../../arm-none-eabi/lib/thumb/v7e-m\libc.a(lib_a-makebuf.o)
                0x0040752c                __smakebuf_r
 .text.__ascii_mbtowc
                0x004075c0       0x2c c:/program files (x86)/atmel/studio/7.0/toolchain/arm/arm-gnu-toolchain/bin/../lib/gcc/arm-none-eabi/6.3.1/../../../../arm-none-eabi/lib/thumb/v7e-m\libc.a(lib_a-mbtowc_r.o)
                0x004075c0                __ascii_mbtowc
 *fill*         0x004075ec        0x4 
 .text          0x004075f0       0xa0 c:/program files (x86)/atmel/studio/7.0/toolchain/arm/arm-gnu-toolchain/bin/../lib/gcc/arm-none-eabi/6.3.1/../../../../arm-none-eabi/lib/thumb/v7e-m\libc.a(lib_a-memchr.o)
                0x004075f0                memchr
 .text          0x00407690      0x134 c:/program files (x86)/atmel/studio/7.0/toolchain/arm/arm-gnu-toolchain/bin/../lib/gcc/arm-none-eabi/6.3.1/../../../../arm-none-eabi/lib/thumb/v7e-m\libc.a(lib_a-memcpy.o)
                0x00407690                memcpy
 .text.memmove  0x004077c4       0xc8 c:/program files (x86)/atmel/studio/7.0/toolchain/arm/arm-gnu-toolchain/bin/../lib/gcc/arm-none-eabi/6.3.1/../../../../arm-none-eabi/lib/thumb/v7e-m\libc.a(lib_a-memmove.o)
                0x004077c4                memmove
 .text._realloc_r
                0x0040788c      0x34c c:/program files (x86)/atmel/studio/7.0/toolchain/arm/arm-gnu-toolchain/bin/../lib/gcc/arm-none-eabi/6.3.1/../../../../arm-none-eabi/lib/thumb/v7e-m\libc.a(lib_a-reallocr.o)
                0x0040788c                _realloc_r
 .text.__sread  0x00407bd8       0x24 c:/program files (x86)/atmel/studio/7.0/toolchain/arm/arm-gnu-toolchain/bin/../lib/gcc/arm-none-eabi/6.3.1/../../../../arm-none-eabi/lib/thumb/v7e-m\libc.a(lib_a-stdio.o)
                0x00407bd8                __sread
 .text.__swrite
                0x00407bfc       0x3c c:/program files (x86)/atmel/studio/7.0/toolchain/arm/arm-gnu-toolchain/bin/../lib/gcc/arm-none-eabi/6.3.1/../../../../arm-none-eabi/lib/thumb/v7e-m\libc.a(lib_a-stdio.o)
                0x00407bfc                __swrite
 .text.__sseek  0x00407c38       0x20 c:/program files (x86)/atmel/studio/7.0/toolchain/arm/arm-gnu-toolchain/bin/../lib/gcc/arm-none-eabi/6.3.1/../../../../arm-none-eabi/lib/thumb/v7e-m\libc.a(lib_a-stdio.o)
                0x00407c38                __sseek
 .text.__sclose
                0x00407c58        0x8 c:/program files (x86)/atmel/studio/7.0/toolchain/arm/arm-gnu-toolchain/bin/../lib/gcc/arm-none-eabi/6.3.1/../../../../arm-none-eabi/lib/thumb/v7e-m\libc.a(lib_a-stdio.o)
                0x00407c58                __sclose
 .text.__swbuf_r
                0x00407c60       0xb0 c:/program files (x86)/atmel/studio/7.0/toolchain/arm/arm-gnu-toolchain/bin/../lib/gcc/arm-none-eabi/6.3.1/../../../../arm-none-eabi/lib/thumb/v7e-m\libc.a(lib_a-wbuf.o)
                0x00407c60                __swbuf_r
 .text._wcrtomb_r
                0x00407d10       0x54 c:/program files (x86)/atmel/studio/7.0/toolchain/arm/arm-gnu-toolchain/bin/../lib/gcc/arm-none-eabi/6.3.1/../../../../arm-none-eabi/lib/thumb/v7e-m\libc.a(lib_a-wcrtomb.o)
                0x00407d10                _wcrtomb_r
 .text.__ascii_wctomb
                0x00407d64       0x1c c:/program files (x86)/atmel/studio/7.0/toolchain/arm/arm-gnu-toolchain/bin/../lib/gcc/arm-none-eabi/6.3.1/../../../../arm-none-eabi/lib/thumb/v7e-m\libc.a(lib_a-wctomb_r.o)
                0x00407d64                __ascii_wctomb
 .text._write_r
                0x00407d80       0x2c c:/program files (x86)/atmel/studio/7.0/toolchain/arm/arm-gnu-toolchain/bin/../lib/gcc/arm-none-eabi/6.3.1/../../../../arm-none-eabi/lib/thumb/v7e-m\libc.a(lib_a-writer.o)
                0x00407d80                _write_r
 .text.__register_exitproc
                0x00407dac       0xc4 c:/program files (x86)/atmel/studio/7.0/toolchain/arm/arm-gnu-toolchain/bin/../lib/gcc/arm-none-eabi/6.3.1/../../../../arm-none-eabi/lib/thumb/v7e-m\libc.a(lib_a-__atexit.o)
                0x00407dac                __register_exitproc
 .text._close_r
                0x00407e70       0x24 c:/program files (x86)/atmel/studio/7.0/toolchain/arm/arm-gnu-toolchain/bin/../lib/gcc/arm-none-eabi/6.3.1/../../../../arm-none-eabi/lib/thumb/v7e-m\libc.a(lib_a-closer.o)
                0x00407e70                _close_r
 .text._fclose_r
                0x00407e94       0xc4 c:/program files (x86)/atmel/studio/7.0/toolchain/arm/arm-gnu-toolchain/bin/../lib/gcc/arm-none-eabi/6.3.1/../../../../arm-none-eabi/lib/thumb/v7e-m\libc.a(lib_a-fclose.o)
                0x00407e94                _fclose_r
 .text._fstat_r
                0x00407f58       0x28 c:/program files (x86)/atmel/studio/7.0/toolchain/arm/arm-gnu-toolchain/bin/../lib/gcc/arm-none-eabi/6.3.1/../../../../arm-none-eabi/lib/thumb/v7e-m\libc.a(lib_a-fstatr.o)
                0x00407f58                _fstat_r
 .text._isatty_r
                0x00407f80       0x24 c:/program files (x86)/atmel/studio/7.0/toolchain/arm/arm-gnu-toolchain/bin/../lib/gcc/arm-none-eabi/6.3.1/../../../../arm-none-eabi/lib/thumb/v7e-m\libc.a(lib_a-isattyr.o)
                0x00407f80                _isatty_r
 .text._lseek_r
                0x00407fa4       0x2c c:/program files (x86)/atmel/studio/7.0/toolchain/arm/arm-gnu-toolchain/bin/../lib/gcc/arm-none-eabi/6.3.1/../../../../arm-none-eabi/lib/thumb/v7e-m\libc.a(lib_a-lseekr.o)
                0x00407fa4                _lseek_r
 .text._read_r  0x00407fd0       0x2c c:/program files (x86)/atmel/studio/7.0/toolchain/arm/arm-gnu-toolchain/bin/../lib/gcc/arm-none-eabi/6.3.1/../../../../arm-none-eabi/lib/thumb/v7e-m\libc.a(lib_a-readr.o)
                0x00407fd0                _read_r
 *(.glue_7t)
 .glue_7t       0x00407ffc        0x0 linker stubs
 *(.glue_7)
 .glue_7        0x00407ffc        0x0 linker stubs
 *(.rodata .rodata* .gnu.linkonce.r.*)
 .rodata.crcpoly.9958
                0x00407ffc        0x4 src/ASF/common/components/touch/mxt/mxt_device_1.o
 .rodata.image_data_ffimg
                0x00408000     0x4b00 src/main.o
 .rodata.image_data_pauseimg
                0x0040cb00     0x4b00 src/main.o
 .rodata.image_data_playimg
                0x00411600     0x4b00 src/main.o
 .rodata.image_data_rewindimg
                0x00416100     0x4b00 src/main.o
 .rodata.image_data_skipimg
                0x0041ac00     0x4b00 src/main.o
 .rodata        0x0041f700       0xe4 src/main.o
 .rodata._global_impure_ptr
                0x0041f7e4        0x4 c:/program files (x86)/atmel/studio/7.0/toolchain/arm/arm-gnu-toolchain/bin/../lib/gcc/arm-none-eabi/6.3.1/../../../../arm-none-eabi/lib/thumb/v7e-m\libc.a(lib_a-impure.o)
                0x0041f7e4                _global_impure_ptr
 .rodata._vfiprintf_r.str1.4
                0x0041f7e8       0x2f c:/program files (x86)/atmel/studio/7.0/toolchain/arm/arm-gnu-toolchain/bin/../lib/gcc/arm-none-eabi/6.3.1/../../../../arm-none-eabi/lib/thumb/v7e-m\libc.a(lib_a-vfiprintf.o)
 *fill*         0x0041f817        0x1 
 .rodata.blanks.7217
                0x0041f818       0x10 c:/program files (x86)/atmel/studio/7.0/toolchain/arm/arm-gnu-toolchain/bin/../lib/gcc/arm-none-eabi/6.3.1/../../../../arm-none-eabi/lib/thumb/v7e-m\libc.a(lib_a-vfiprintf.o)
 .rodata.zeroes.7218
                0x0041f828       0x10 c:/program files (x86)/atmel/studio/7.0/toolchain/arm/arm-gnu-toolchain/bin/../lib/gcc/arm-none-eabi/6.3.1/../../../../arm-none-eabi/lib/thumb/v7e-m\libc.a(lib_a-vfiprintf.o)
 .rodata._setlocale_r.str1.4
                0x0041f838        0xa c:/program files (x86)/atmel/studio/7.0/toolchain/arm/arm-gnu-toolchain/bin/../lib/gcc/arm-none-eabi/6.3.1/../../../../arm-none-eabi/lib/thumb/v7e-m\libc.a(lib_a-locale.o)
                                  0xd (size before relaxing)
 *fill*         0x0041f842        0x2 
 .rodata.str1.4
                0x0041f844        0x4 c:/program files (x86)/atmel/studio/7.0/toolchain/arm/arm-gnu-toolchain/bin/../lib/gcc/arm-none-eabi/6.3.1/../../../../arm-none-eabi/lib/thumb/v7e-m\libc.a(lib_a-locale.o)
                                  0x2 (size before relaxing)
 .rodata._ctype_
                0x0041f848      0x101 c:/program files (x86)/atmel/studio/7.0/toolchain/arm/arm-gnu-toolchain/bin/../lib/gcc/arm-none-eabi/6.3.1/../../../../arm-none-eabi/lib/thumb/v7e-m\libc.a(lib_a-ctype_.o)
                0x0041f848                _ctype_
 *(.ARM.extab* .gnu.linkonce.armextab.*)
                0x0041f94c                . = ALIGN (0x4)
 *fill*         0x0041f949        0x3 
 *(.init)
 .init          0x0041f94c        0x4 c:/program files (x86)/atmel/studio/7.0/toolchain/arm/arm-gnu-toolchain/bin/../lib/gcc/arm-none-eabi/6.3.1/thumb/v7e-m/crti.o
                0x0041f94c                _init
 .init          0x0041f950        0x8 c:/program files (x86)/atmel/studio/7.0/toolchain/arm/arm-gnu-toolchain/bin/../lib/gcc/arm-none-eabi/6.3.1/thumb/v7e-m/crtn.o
                0x0041f958                . = ALIGN (0x4)
                0x0041f958                __preinit_array_start = .
 *(.preinit_array)
                0x0041f958                __preinit_array_end = .
                0x0041f958                . = ALIGN (0x4)
                0x0041f958                __init_array_start = .
 *(SORT(.init_array.*))
 .init_array.00000
                0x0041f958        0x4 c:/program files (x86)/atmel/studio/7.0/toolchain/arm/arm-gnu-toolchain/bin/../lib/gcc/arm-none-eabi/6.3.1/../../../../arm-none-eabi/lib/thumb/v7e-m\libc.a(lib_a-__call_atexit.o)
 *(.init_array)
 .init_array    0x0041f95c        0x4 c:/program files (x86)/atmel/studio/7.0/toolchain/arm/arm-gnu-toolchain/bin/../lib/gcc/arm-none-eabi/6.3.1/thumb/v7e-m/crtbegin.o
                0x0041f960                __init_array_end = .
                0x0041f960                . = ALIGN (0x4)
 *crtbegin.o(.ctors)
 *(EXCLUDE_FILE(*crtend.o) .ctors)
 *(SORT(.ctors.*))
 *crtend.o(.ctors)
                0x0041f960                . = ALIGN (0x4)
 *(.fini)
 .fini          0x0041f960        0x4 c:/program files (x86)/atmel/studio/7.0/toolchain/arm/arm-gnu-toolchain/bin/../lib/gcc/arm-none-eabi/6.3.1/thumb/v7e-m/crti.o
                0x0041f960                _fini
 .fini          0x0041f964        0x8 c:/program files (x86)/atmel/studio/7.0/toolchain/arm/arm-gnu-toolchain/bin/../lib/gcc/arm-none-eabi/6.3.1/thumb/v7e-m/crtn.o
                0x0041f96c                . = ALIGN (0x4)
                0x0041f96c                __fini_array_start = .
 *(.fini_array)
 .fini_array    0x0041f96c        0x4 c:/program files (x86)/atmel/studio/7.0/toolchain/arm/arm-gnu-toolchain/bin/../lib/gcc/arm-none-eabi/6.3.1/thumb/v7e-m/crtbegin.o
 *(SORT(.fini_array.*))
                0x0041f970                __fini_array_end = .
 *crtbegin.o(.dtors)
 *(EXCLUDE_FILE(*crtend.o) .dtors)
 *(SORT(.dtors.*))
 *crtend.o(.dtors)
                0x0041f970                . = ALIGN (0x4)
                0x0041f970                _efixed = .
                [!provide]                PROVIDE (__exidx_start, .)

.vfp11_veneer   0x0041f970        0x0
 .vfp11_veneer  0x0041f970        0x0 linker stubs

.v4_bx          0x0041f970        0x0
 .v4_bx         0x0041f970        0x0 linker stubs

.iplt           0x0041f970        0x0
 .iplt          0x0041f970        0x0 c:/program files (x86)/atmel/studio/7.0/toolchain/arm/arm-gnu-toolchain/bin/../lib/gcc/arm-none-eabi/6.3.1/thumb/v7e-m/crtbegin.o

.ARM.exidx      0x0041f970        0x8
 *(.ARM.exidx* .gnu.linkonce.armexidx.*)
 .ARM.exidx     0x0041f970        0x8 c:/program files (x86)/atmel/studio/7.0/toolchain/arm/arm-gnu-toolchain/bin/../lib/gcc/arm-none-eabi/6.3.1/thumb/v7e-m\libgcc.a(_udivmoddi4.o)
                [!provide]                PROVIDE (__exidx_end, .)

.eh_frame       0x0041f978        0x0
 .eh_frame      0x0041f978        0x0 c:/program files (x86)/atmel/studio/7.0/toolchain/arm/arm-gnu-toolchain/bin/../lib/gcc/arm-none-eabi/6.3.1/thumb/v7e-m/crtbegin.o

.rel.dyn        0x0041f978        0x0
 .rel.iplt      0x0041f978        0x0 c:/program files (x86)/atmel/studio/7.0/toolchain/arm/arm-gnu-toolchain/bin/../lib/gcc/arm-none-eabi/6.3.1/thumb/v7e-m/crtbegin.o

.jcr            0x0041f978        0x0
 .jcr           0x0041f978        0x0 c:/program files (x86)/atmel/studio/7.0/toolchain/arm/arm-gnu-toolchain/bin/../lib/gcc/arm-none-eabi/6.3.1/thumb/v7e-m/crtbegin.o

.igot.plt       0x0041f978        0x0
 .igot.plt      0x0041f978        0x0 c:/program files (x86)/atmel/studio/7.0/toolchain/arm/arm-gnu-toolchain/bin/../lib/gcc/arm-none-eabi/6.3.1/thumb/v7e-m/crtbegin.o
                0x0041f978                . = ALIGN (0x4)
                0x0041f978                _etext = .

.relocate       0x20400000      0x9c8 load address 0x0041f978
                0x20400000                . = ALIGN (0x4)
                0x20400000                _srelocate = .
 *(.ramfunc .ramfunc.*)
 .ramfunc       0x20400000        0xa src/ASF/common/services/delay/sam/cycle_counter.o
                0x20400000                portable_delay_cycles
 *(.data .data.*)
 .data.g_interrupt_enabled
                0x2040000a        0x1 src/ASF/common/utils/interrupt/interrupt_sam_nvic.o
                0x2040000a                g_interrupt_enabled
 *fill*         0x2040000b        0x1 
 .data.SystemCoreClock
                0x2040000c        0x4 src/ASF/sam/utils/cmsis/same70/source/templates/system_same70.o
                0x2040000c                SystemCoreClock
 .data.pause_play
                0x20400010        0x1 src/main.o
                0x20400010                pause_play
 .data.rrewind  0x20400011        0x1 src/main.o
                0x20400011                rrewind
 .data.ff       0x20400012        0x1 src/main.o
                0x20400012                ff
 .data.skip     0x20400013        0x1 src/main.o
                0x20400013                skip
 .data.fullscreen
                0x20400014        0x1 src/main.o
                0x20400014                fullscreen
 .data.mute     0x20400015        0x1 src/main.o
                0x20400015                mute
 .data.nextep   0x20400016        0x1 src/main.o
                0x20400016                nextep
 *fill*         0x20400017        0x1 
 .data._impure_ptr
                0x20400018        0x4 c:/program files (x86)/atmel/studio/7.0/toolchain/arm/arm-gnu-toolchain/bin/../lib/gcc/arm-none-eabi/6.3.1/../../../../arm-none-eabi/lib/thumb/v7e-m\libc.a(lib_a-impure.o)
                0x20400018                _impure_ptr
 *fill*         0x2040001c        0x4 
 .data.impure_data
                0x20400020      0x428 c:/program files (x86)/atmel/studio/7.0/toolchain/arm/arm-gnu-toolchain/bin/../lib/gcc/arm-none-eabi/6.3.1/../../../../arm-none-eabi/lib/thumb/v7e-m\libc.a(lib_a-impure.o)
 .data.__malloc_av_
                0x20400448      0x408 c:/program files (x86)/atmel/studio/7.0/toolchain/arm/arm-gnu-toolchain/bin/../lib/gcc/arm-none-eabi/6.3.1/../../../../arm-none-eabi/lib/thumb/v7e-m\libc.a(lib_a-mallocr.o)
                0x20400448                __malloc_av_
 .data.__malloc_sbrk_base
                0x20400850        0x4 c:/program files (x86)/atmel/studio/7.0/toolchain/arm/arm-gnu-toolchain/bin/../lib/gcc/arm-none-eabi/6.3.1/../../../../arm-none-eabi/lib/thumb/v7e-m\libc.a(lib_a-mallocr.o)
                0x20400850                __malloc_sbrk_base
 .data.__malloc_trim_threshold
                0x20400854        0x4 c:/program files (x86)/atmel/studio/7.0/toolchain/arm/arm-gnu-toolchain/bin/../lib/gcc/arm-none-eabi/6.3.1/../../../../arm-none-eabi/lib/thumb/v7e-m\libc.a(lib_a-mallocr.o)
                0x20400854                __malloc_trim_threshold
 .data.__atexit_recursive_mutex
                0x20400858        0x4 c:/program files (x86)/atmel/studio/7.0/toolchain/arm/arm-gnu-toolchain/bin/../lib/gcc/arm-none-eabi/6.3.1/../../../../arm-none-eabi/lib/thumb/v7e-m\libc.a(lib_a-__call_atexit.o)
                0x20400858                __atexit_recursive_mutex
 .data.__global_locale
                0x2040085c      0x16c c:/program files (x86)/atmel/studio/7.0/toolchain/arm/arm-gnu-toolchain/bin/../lib/gcc/arm-none-eabi/6.3.1/../../../../arm-none-eabi/lib/thumb/v7e-m\libc.a(lib_a-locale.o)
                0x2040085c                __global_locale
                0x204009c8                . = ALIGN (0x4)
                0x204009c8                _erelocate = .

.bss            0x204009c8      0x4d8 load address 0x00420340
                0x204009c8                . = ALIGN (0x4)
                0x204009c8                _sbss = .
                0x204009c8                _szero = .
 *(.bss .bss.*)
 .bss           0x204009c8       0x1c c:/program files (x86)/atmel/studio/7.0/toolchain/arm/arm-gnu-toolchain/bin/../lib/gcc/arm-none-eabi/6.3.1/thumb/v7e-m/crtbegin.o
 .bss.g_ul_pixel_cache
                0x204009e4      0x3c0 src/ASF/sam/components/display/ili9488/ili9488.o
 .bss.gs_interrupt_sources
                0x20400da4       0x70 src/ASF/sam/drivers/pio/pio_handler.o
 .bss.ul_reg_val.9422
                0x20400e14        0x4 src/ASF/sam/drivers/usart/usart.o
 .bss.heap.6420
                0x20400e18        0x4 src/ASF/sam/utils/syscalls/gcc/syscalls.o
 .bss.g_systimer
                0x20400e1c        0x4 src/main.o
                0x20400e1c                g_systimer
 .bss.last_status
                0x20400e20        0x4 src/main.o
                0x20400e20                last_status
 .bss.pause     0x20400e24        0x1 src/main.o
                0x20400e24                pause
 .bss.press     0x20400e25        0x1 src/main.o
                0x20400e25                press
 .bss.redraw    0x20400e26        0x1 src/main.o
                0x20400e26                redraw
 *fill*         0x20400e27        0x1 
 .bss.__malloc_current_mallinfo
                0x20400e28       0x28 c:/program files (x86)/atmel/studio/7.0/toolchain/arm/arm-gnu-toolchain/bin/../lib/gcc/arm-none-eabi/6.3.1/../../../../arm-none-eabi/lib/thumb/v7e-m\libc.a(lib_a-mallocr.o)
                0x20400e28                __malloc_current_mallinfo
 .bss.__malloc_max_sbrked_mem
                0x20400e50        0x4 c:/program files (x86)/atmel/studio/7.0/toolchain/arm/arm-gnu-toolchain/bin/../lib/gcc/arm-none-eabi/6.3.1/../../../../arm-none-eabi/lib/thumb/v7e-m\libc.a(lib_a-mallocr.o)
                0x20400e50                __malloc_max_sbrked_mem
 .bss.__malloc_max_total_mem
                0x20400e54        0x4 c:/program files (x86)/atmel/studio/7.0/toolchain/arm/arm-gnu-toolchain/bin/../lib/gcc/arm-none-eabi/6.3.1/../../../../arm-none-eabi/lib/thumb/v7e-m\libc.a(lib_a-mallocr.o)
                0x20400e54                __malloc_max_total_mem
 .bss.__malloc_top_pad
                0x20400e58        0x4 c:/program files (x86)/atmel/studio/7.0/toolchain/arm/arm-gnu-toolchain/bin/../lib/gcc/arm-none-eabi/6.3.1/../../../../arm-none-eabi/lib/thumb/v7e-m\libc.a(lib_a-mallocr.o)
                0x20400e58                __malloc_top_pad
 *(COMMON)
 COMMON         0x20400e5c        0x4 src/ASF/common/utils/stdio/read.o
                0x20400e5c                ptr_get
 COMMON         0x20400e60        0x8 src/ASF/common/utils/stdio/write.o
                0x20400e60                ptr_put
                0x20400e64                stdio_base
 COMMON         0x20400e68       0x10 src/main.o
                0x20400e68                g_ili9488_display_opt
 COMMON         0x20400e78       0x21 c:/program files (x86)/atmel/studio/7.0/toolchain/arm/arm-gnu-toolchain/bin/../lib/gcc/arm-none-eabi/6.3.1/../../../../arm-none-eabi/lib/thumb/v7e-m\libc.a(lib_a-lock.o)
                0x20400e78                __lock___atexit_recursive_mutex
                0x20400e7c                __lock___arc4random_mutex
                0x20400e80                __lock___env_recursive_mutex
                0x20400e84                __lock___sinit_recursive_mutex
                0x20400e88                __lock___malloc_recursive_mutex
                0x20400e8c                __lock___at_quick_exit_mutex
                0x20400e90                __lock___dd_hash_mutex
                0x20400e94                __lock___tz_mutex
                0x20400e98                __lock___sfp_recursive_mutex
 *fill*         0x20400e99        0x3 
 COMMON         0x20400e9c        0x4 c:/program files (x86)/atmel/studio/7.0/toolchain/arm/arm-gnu-toolchain/bin/../lib/gcc/arm-none-eabi/6.3.1/../../../../arm-none-eabi/lib/thumb/v7e-m\libc.a(lib_a-reent.o)
                0x20400e9c                errno
                0x20400ea0                . = ALIGN (0x4)
                0x20400ea0                _ebss = .
                0x20400ea0                _ezero = .

.stack          0x20400ea0     0x2000 load address 0x00420818
                0x20400ea0                . = ALIGN (0x8)
                0x20400ea0                _sstack = .
                0x20402ea0                . = (. + STACK_SIZE)
 *fill*         0x20400ea0     0x2000 
                0x20402ea0                . = ALIGN (0x8)
                0x20402ea0                _estack = .

.heap           0x20402ea0      0x200 load address 0x00422818
                0x20402ea0                . = ALIGN (0x8)
                0x20402ea0                _sheap = .
                0x204030a0                . = (. + HEAP_SIZE)
 *fill*         0x20402ea0      0x200 
                0x204030a0                . = ALIGN (0x8)
                0x204030a0                _eheap = .
                0x204030a0                . = ALIGN (0x4)
                0x204030a0                _end = .
                0x2045ffff                _ram_end_ = ((ORIGIN (ram) + LENGTH (ram)) - 0x1)
OUTPUT(MXT_EXAMPLE_USART1.elf elf32-littlearm)

.ARM.attributes
                0x00000000       0x2e
 .ARM.attributes
                0x00000000       0x1e c:/program files (x86)/atmel/studio/7.0/toolchain/arm/arm-gnu-toolchain/bin/../lib/gcc/arm-none-eabi/6.3.1/thumb/v7e-m/crti.o
 .ARM.attributes
                0x0000001e       0x2e c:/program files (x86)/atmel/studio/7.0/toolchain/arm/arm-gnu-toolchain/bin/../lib/gcc/arm-none-eabi/6.3.1/thumb/v7e-m/crtbegin.o
 .ARM.attributes
                0x0000004c       0x37 src/ASF/common/components/touch/mxt/mxt_device_1.o
 .ARM.attributes
                0x00000083       0x37 src/ASF/common/services/clock/same70/sysclk.o
 .ARM.attributes
                0x000000ba       0x37 src/ASF/common/services/delay/sam/cycle_counter.o
 .ARM.attributes
                0x000000f1       0x37 src/ASF/common/services/serial/usart_serial.o
 .ARM.attributes
                0x00000128       0x37 src/ASF/common/services/spi/sam_spi/spi_master.o
 .ARM.attributes
                0x0000015f       0x37 src/ASF/common/utils/interrupt/interrupt_sam_nvic.o
 .ARM.attributes
                0x00000196       0x37 src/ASF/common/utils/stdio/read.o
 .ARM.attributes
                0x000001cd       0x37 src/ASF/common/utils/stdio/write.o
 .ARM.attributes
                0x00000204       0x37 src/ASF/sam/boards/same70_xplained/init.o
 .ARM.attributes
                0x0000023b       0x37 src/ASF/sam/components/display/ili9488/ili9488.o
 .ARM.attributes
                0x00000272       0x37 src/ASF/sam/drivers/pio/pio.o
 .ARM.attributes
                0x000002a9       0x37 src/ASF/sam/drivers/pio/pio_handler.o
 .ARM.attributes
                0x000002e0       0x37 src/ASF/sam/drivers/pmc/pmc.o
 .ARM.attributes
                0x00000317       0x37 src/ASF/sam/drivers/spi/spi.o
 .ARM.attributes
                0x0000034e       0x37 src/ASF/sam/drivers/twihs/twihs.o
 .ARM.attributes
                0x00000385       0x37 src/ASF/sam/drivers/uart/uart.o
 .ARM.attributes
                0x000003bc       0x37 src/ASF/sam/drivers/usart/usart.o
 .ARM.attributes
                0x000003f3       0x37 src/ASF/sam/utils/cmsis/same70/source/templates/gcc/startup_same70.o
 .ARM.attributes
                0x0000042a       0x37 src/ASF/sam/utils/cmsis/same70/source/templates/system_same70.o
 .ARM.attributes
                0x00000461       0x37 src/ASF/sam/utils/syscalls/gcc/syscalls.o
 .ARM.attributes
                0x00000498       0x37 src/main.o
 .ARM.attributes
                0x000004cf       0x1e c:/program files (x86)/atmel/studio/7.0/toolchain/arm/arm-gnu-toolchain/bin/../lib/gcc/arm-none-eabi/6.3.1/thumb/v7e-m\libgcc.a(_aeabi_uldivmod.o)
 .ARM.attributes
                0x000004ed       0x2e c:/program files (x86)/atmel/studio/7.0/toolchain/arm/arm-gnu-toolchain/bin/../lib/gcc/arm-none-eabi/6.3.1/thumb/v7e-m\libgcc.a(_udivmoddi4.o)
 .ARM.attributes
                0x0000051b       0x1e c:/program files (x86)/atmel/studio/7.0/toolchain/arm/arm-gnu-toolchain/bin/../lib/gcc/arm-none-eabi/6.3.1/thumb/v7e-m\libgcc.a(_dvmd_tls.o)
 .ARM.attributes
                0x00000539       0x2e c:/program files (x86)/atmel/studio/7.0/toolchain/arm/arm-gnu-toolchain/bin/../lib/gcc/arm-none-eabi/6.3.1/../../../../arm-none-eabi/lib/thumb/v7e-m\libc.a(lib_a-impure.o)
 .ARM.attributes
                0x00000567       0x2e c:/program files (x86)/atmel/studio/7.0/toolchain/arm/arm-gnu-toolchain/bin/../lib/gcc/arm-none-eabi/6.3.1/../../../../arm-none-eabi/lib/thumb/v7e-m\libc.a(lib_a-init.o)
 .ARM.attributes
                0x00000595       0x2e c:/program files (x86)/atmel/studio/7.0/toolchain/arm/arm-gnu-toolchain/bin/../lib/gcc/arm-none-eabi/6.3.1/../../../../arm-none-eabi/lib/thumb/v7e-m\libc.a(lib_a-iprintf.o)
 .ARM.attributes
                0x000005c3       0x2e c:/program files (x86)/atmel/studio/7.0/toolchain/arm/arm-gnu-toolchain/bin/../lib/gcc/arm-none-eabi/6.3.1/../../../../arm-none-eabi/lib/thumb/v7e-m\libc.a(lib_a-malloc.o)
 .ARM.attributes
                0x000005f1       0x2e c:/program files (x86)/atmel/studio/7.0/toolchain/arm/arm-gnu-toolchain/bin/../lib/gcc/arm-none-eabi/6.3.1/../../../../arm-none-eabi/lib/thumb/v7e-m\libc.a(lib_a-mallocr.o)
 .ARM.attributes
                0x0000061f       0x2e c:/program files (x86)/atmel/studio/7.0/toolchain/arm/arm-gnu-toolchain/bin/../lib/gcc/arm-none-eabi/6.3.1/../../../../arm-none-eabi/lib/thumb/v7e-m\libc.a(lib_a-memset.o)
 .ARM.attributes
                0x0000064d       0x2e c:/program files (x86)/atmel/studio/7.0/toolchain/arm/arm-gnu-toolchain/bin/../lib/gcc/arm-none-eabi/6.3.1/../../../../arm-none-eabi/lib/thumb/v7e-m\libc.a(lib_a-mlock.o)
 .ARM.attributes
                0x0000067b       0x2e c:/program files (x86)/atmel/studio/7.0/toolchain/arm/arm-gnu-toolchain/bin/../lib/gcc/arm-none-eabi/6.3.1/../../../../arm-none-eabi/lib/thumb/v7e-m\libc.a(lib_a-sbrkr.o)
 .ARM.attributes
                0x000006a9       0x2e c:/program files (x86)/atmel/studio/7.0/toolchain/arm/arm-gnu-toolchain/bin/../lib/gcc/arm-none-eabi/6.3.1/../../../../arm-none-eabi/lib/thumb/v7e-m\libc.a(lib_a-setbuf.o)
 .ARM.attributes
                0x000006d7       0x2e c:/program files (x86)/atmel/studio/7.0/toolchain/arm/arm-gnu-toolchain/bin/../lib/gcc/arm-none-eabi/6.3.1/../../../../arm-none-eabi/lib/thumb/v7e-m\libc.a(lib_a-setvbuf.o)
 .ARM.attributes
                0x00000705       0x2e c:/program files (x86)/atmel/studio/7.0/toolchain/arm/arm-gnu-toolchain/bin/../lib/gcc/arm-none-eabi/6.3.1/../../../../arm-none-eabi/lib/thumb/v7e-m\libc.a(lib_a-strcat.o)
 .ARM.attributes
                0x00000733       0x2e c:/program files (x86)/atmel/studio/7.0/toolchain/arm/arm-gnu-toolchain/bin/../lib/gcc/arm-none-eabi/6.3.1/../../../../arm-none-eabi/lib/thumb/v7e-m\libc.a(lib_a-strcpy.o)
 .ARM.attributes
                0x00000761       0x1c c:/program files (x86)/atmel/studio/7.0/toolchain/arm/arm-gnu-toolchain/bin/../lib/gcc/arm-none-eabi/6.3.1/../../../../arm-none-eabi/lib/thumb/v7e-m\libc.a(lib_a-strlen.o)
 .ARM.attributes
                0x0000077d       0x2e c:/program files (x86)/atmel/studio/7.0/toolchain/arm/arm-gnu-toolchain/bin/../lib/gcc/arm-none-eabi/6.3.1/../../../../arm-none-eabi/lib/thumb/v7e-m\libc.a(lib_a-vfiprintf.o)
 .ARM.attributes
                0x000007ab       0x2e c:/program files (x86)/atmel/studio/7.0/toolchain/arm/arm-gnu-toolchain/bin/../lib/gcc/arm-none-eabi/6.3.1/../../../../arm-none-eabi/lib/thumb/v7e-m\libc.a(lib_a-wsetup.o)
 .ARM.attributes
                0x000007d9       0x2e c:/program files (x86)/atmel/studio/7.0/toolchain/arm/arm-gnu-toolchain/bin/../lib/gcc/arm-none-eabi/6.3.1/../../../../arm-none-eabi/lib/thumb/v7e-m\libc.a(lib_a-__call_atexit.o)
 .ARM.attributes
                0x00000807       0x2e c:/program files (x86)/atmel/studio/7.0/toolchain/arm/arm-gnu-toolchain/bin/../lib/gcc/arm-none-eabi/6.3.1/../../../../arm-none-eabi/lib/thumb/v7e-m\libc.a(lib_a-atexit.o)
 .ARM.attributes
                0x00000835       0x2e c:/program files (x86)/atmel/studio/7.0/toolchain/arm/arm-gnu-toolchain/bin/../lib/gcc/arm-none-eabi/6.3.1/../../../../arm-none-eabi/lib/thumb/v7e-m\libc.a(lib_a-fflush.o)
 .ARM.attributes
                0x00000863       0x2e c:/program files (x86)/atmel/studio/7.0/toolchain/arm/arm-gnu-toolchain/bin/../lib/gcc/arm-none-eabi/6.3.1/../../../../arm-none-eabi/lib/thumb/v7e-m\libc.a(lib_a-findfp.o)
 .ARM.attributes
                0x00000891       0x2e c:/program files (x86)/atmel/studio/7.0/toolchain/arm/arm-gnu-toolchain/bin/../lib/gcc/arm-none-eabi/6.3.1/../../../../arm-none-eabi/lib/thumb/v7e-m\libc.a(lib_a-fini.o)
 .ARM.attributes
                0x000008bf       0x2e c:/program files (x86)/atmel/studio/7.0/toolchain/arm/arm-gnu-toolchain/bin/../lib/gcc/arm-none-eabi/6.3.1/../../../../arm-none-eabi/lib/thumb/v7e-m\libc.a(lib_a-fputwc.o)
 .ARM.attributes
                0x000008ed       0x2e c:/program files (x86)/atmel/studio/7.0/toolchain/arm/arm-gnu-toolchain/bin/../lib/gcc/arm-none-eabi/6.3.1/../../../../arm-none-eabi/lib/thumb/v7e-m\libc.a(lib_a-freer.o)
 .ARM.attributes
                0x0000091b       0x2e c:/program files (x86)/atmel/studio/7.0/toolchain/arm/arm-gnu-toolchain/bin/../lib/gcc/arm-none-eabi/6.3.1/../../../../arm-none-eabi/lib/thumb/v7e-m\libc.a(lib_a-fvwrite.o)
 .ARM.attributes
                0x00000949       0x2e c:/program files (x86)/atmel/studio/7.0/toolchain/arm/arm-gnu-toolchain/bin/../lib/gcc/arm-none-eabi/6.3.1/../../../../arm-none-eabi/lib/thumb/v7e-m\libc.a(lib_a-fwalk.o)
 .ARM.attributes
                0x00000977       0x2e c:/program files (x86)/atmel/studio/7.0/toolchain/arm/arm-gnu-toolchain/bin/../lib/gcc/arm-none-eabi/6.3.1/../../../../arm-none-eabi/lib/thumb/v7e-m\libc.a(lib_a-locale.o)
 .ARM.attributes
                0x000009a5       0x2e c:/program files (x86)/atmel/studio/7.0/toolchain/arm/arm-gnu-toolchain/bin/../lib/gcc/arm-none-eabi/6.3.1/../../../../arm-none-eabi/lib/thumb/v7e-m\libc.a(lib_a-lock.o)
 .ARM.attributes
                0x000009d3       0x2e c:/program files (x86)/atmel/studio/7.0/toolchain/arm/arm-gnu-toolchain/bin/../lib/gcc/arm-none-eabi/6.3.1/../../../../arm-none-eabi/lib/thumb/v7e-m\libc.a(lib_a-makebuf.o)
 .ARM.attributes
                0x00000a01       0x2e c:/program files (x86)/atmel/studio/7.0/toolchain/arm/arm-gnu-toolchain/bin/../lib/gcc/arm-none-eabi/6.3.1/../../../../arm-none-eabi/lib/thumb/v7e-m\libc.a(lib_a-mbtowc_r.o)
 .ARM.attributes
                0x00000a2f       0x1c c:/program files (x86)/atmel/studio/7.0/toolchain/arm/arm-gnu-toolchain/bin/../lib/gcc/arm-none-eabi/6.3.1/../../../../arm-none-eabi/lib/thumb/v7e-m\libc.a(lib_a-memchr.o)
 .ARM.attributes
                0x00000a4b       0x1c c:/program files (x86)/atmel/studio/7.0/toolchain/arm/arm-gnu-toolchain/bin/../lib/gcc/arm-none-eabi/6.3.1/../../../../arm-none-eabi/lib/thumb/v7e-m\libc.a(lib_a-memcpy.o)
 .ARM.attributes
                0x00000a67       0x2e c:/program files (x86)/atmel/studio/7.0/toolchain/arm/arm-gnu-toolchain/bin/../lib/gcc/arm-none-eabi/6.3.1/../../../../arm-none-eabi/lib/thumb/v7e-m\libc.a(lib_a-memmove.o)
 .ARM.attributes
                0x00000a95       0x2e c:/program files (x86)/atmel/studio/7.0/toolchain/arm/arm-gnu-toolchain/bin/../lib/gcc/arm-none-eabi/6.3.1/../../../../arm-none-eabi/lib/thumb/v7e-m\libc.a(lib_a-reallocr.o)
 .ARM.attributes
                0x00000ac3       0x2e c:/program files (x86)/atmel/studio/7.0/toolchain/arm/arm-gnu-toolchain/bin/../lib/gcc/arm-none-eabi/6.3.1/../../../../arm-none-eabi/lib/thumb/v7e-m\libc.a(lib_a-reent.o)
 .ARM.attributes
                0x00000af1       0x2e c:/program files (x86)/atmel/studio/7.0/toolchain/arm/arm-gnu-toolchain/bin/../lib/gcc/arm-none-eabi/6.3.1/../../../../arm-none-eabi/lib/thumb/v7e-m\libc.a(lib_a-stdio.o)
 .ARM.attributes
                0x00000b1f       0x2e c:/program files (x86)/atmel/studio/7.0/toolchain/arm/arm-gnu-toolchain/bin/../lib/gcc/arm-none-eabi/6.3.1/../../../../arm-none-eabi/lib/thumb/v7e-m\libc.a(lib_a-wbuf.o)
 .ARM.attributes
                0x00000b4d       0x2e c:/program files (x86)/atmel/studio/7.0/toolchain/arm/arm-gnu-toolchain/bin/../lib/gcc/arm-none-eabi/6.3.1/../../../../arm-none-eabi/lib/thumb/v7e-m\libc.a(lib_a-wcrtomb.o)
 .ARM.attributes
                0x00000b7b       0x2e c:/program files (x86)/atmel/studio/7.0/toolchain/arm/arm-gnu-toolchain/bin/../lib/gcc/arm-none-eabi/6.3.1/../../../../arm-none-eabi/lib/thumb/v7e-m\libc.a(lib_a-wctomb_r.o)
 .ARM.attributes
                0x00000ba9       0x2e c:/program files (x86)/atmel/studio/7.0/toolchain/arm/arm-gnu-toolchain/bin/../lib/gcc/arm-none-eabi/6.3.1/../../../../arm-none-eabi/lib/thumb/v7e-m\libc.a(lib_a-writer.o)
 .ARM.attributes
                0x00000bd7       0x2e c:/program files (x86)/atmel/studio/7.0/toolchain/arm/arm-gnu-toolchain/bin/../lib/gcc/arm-none-eabi/6.3.1/../../../../arm-none-eabi/lib/thumb/v7e-m\libc.a(lib_a-__atexit.o)
 .ARM.attributes
                0x00000c05       0x2e c:/program files (x86)/atmel/studio/7.0/toolchain/arm/arm-gnu-toolchain/bin/../lib/gcc/arm-none-eabi/6.3.1/../../../../arm-none-eabi/lib/thumb/v7e-m\libc.a(lib_a-closer.o)
 .ARM.attributes
                0x00000c33       0x2e c:/program files (x86)/atmel/studio/7.0/toolchain/arm/arm-gnu-toolchain/bin/../lib/gcc/arm-none-eabi/6.3.1/../../../../arm-none-eabi/lib/thumb/v7e-m\libc.a(lib_a-ctype_.o)
 .ARM.attributes
                0x00000c61       0x2e c:/program files (x86)/atmel/studio/7.0/toolchain/arm/arm-gnu-toolchain/bin/../lib/gcc/arm-none-eabi/6.3.1/../../../../arm-none-eabi/lib/thumb/v7e-m\libc.a(lib_a-fclose.o)
 .ARM.attributes
                0x00000c8f       0x2e c:/program files (x86)/atmel/studio/7.0/toolchain/arm/arm-gnu-toolchain/bin/../lib/gcc/arm-none-eabi/6.3.1/../../../../arm-none-eabi/lib/thumb/v7e-m\libc.a(lib_a-fstatr.o)
 .ARM.attributes
                0x00000cbd       0x2e c:/program files (x86)/atmel/studio/7.0/toolchain/arm/arm-gnu-toolchain/bin/../lib/gcc/arm-none-eabi/6.3.1/../../../../arm-none-eabi/lib/thumb/v7e-m\libc.a(lib_a-isattyr.o)
 .ARM.attributes
                0x00000ceb       0x2e c:/program files (x86)/atmel/studio/7.0/toolchain/arm/arm-gnu-toolchain/bin/../lib/gcc/arm-none-eabi/6.3.1/../../../../arm-none-eabi/lib/thumb/v7e-m\libc.a(lib_a-lseekr.o)
 .ARM.attributes
                0x00000d19       0x2e c:/program files (x86)/atmel/studio/7.0/toolchain/arm/arm-gnu-toolchain/bin/../lib/gcc/arm-none-eabi/6.3.1/../../../../arm-none-eabi/lib/thumb/v7e-m\libc.a(lib_a-readr.o)
 .ARM.attributes
                0x00000d47       0x1e c:/program files (x86)/atmel/studio/7.0/toolchain/arm/arm-gnu-toolchain/bin/../lib/gcc/arm-none-eabi/6.3.1/thumb/v7e-m/crtn.o

.comment        0x00000000       0x59
 .comment       0x00000000       0x59 src/ASF/common/components/touch/mxt/mxt_device_1.o
                                 0x5a (size before relaxing)
 .comment       0x00000059       0x5a src/ASF/common/services/clock/same70/sysclk.o
 .comment       0x00000059       0x5a src/ASF/common/services/delay/sam/cycle_counter.o
 .comment       0x00000059       0x5a src/ASF/common/services/serial/usart_serial.o
 .comment       0x00000059       0x5a src/ASF/common/services/spi/sam_spi/spi_master.o
 .comment       0x00000059       0x5a src/ASF/common/utils/interrupt/interrupt_sam_nvic.o
 .comment       0x00000059       0x5a src/ASF/common/utils/stdio/read.o
 .comment       0x00000059       0x5a src/ASF/common/utils/stdio/write.o
 .comment       0x00000059       0x5a src/ASF/sam/boards/same70_xplained/init.o
 .comment       0x00000059       0x5a src/ASF/sam/components/display/ili9488/ili9488.o
 .comment       0x00000059       0x5a src/ASF/sam/drivers/pio/pio.o
 .comment       0x00000059       0x5a src/ASF/sam/drivers/pio/pio_handler.o
 .comment       0x00000059       0x5a src/ASF/sam/drivers/pmc/pmc.o
 .comment       0x00000059       0x5a src/ASF/sam/drivers/spi/spi.o
 .comment       0x00000059       0x5a src/ASF/sam/drivers/twihs/twihs.o
 .comment       0x00000059       0x5a src/ASF/sam/drivers/uart/uart.o
 .comment       0x00000059       0x5a src/ASF/sam/drivers/usart/usart.o
 .comment       0x00000059       0x5a src/ASF/sam/utils/cmsis/same70/source/templates/gcc/startup_same70.o
 .comment       0x00000059       0x5a src/ASF/sam/utils/cmsis/same70/source/templates/system_same70.o
 .comment       0x00000059       0x5a src/ASF/sam/utils/syscalls/gcc/syscalls.o
 .comment       0x00000059       0x5a src/main.o

.debug_info     0x00000000    0x1d0c6
 .debug_info    0x00000000     0x20c4 src/ASF/common/components/touch/mxt/mxt_device_1.o
 .debug_info    0x000020c4     0x1311 src/ASF/common/services/clock/same70/sysclk.o
 .debug_info    0x000033d5      0xa45 src/ASF/common/services/delay/sam/cycle_counter.o
 .debug_info    0x00003e1a     0x1054 src/ASF/common/services/serial/usart_serial.o
 .debug_info    0x00004e6e     0x143e src/ASF/common/services/spi/sam_spi/spi_master.o
 .debug_info    0x000062ac      0xb06 src/ASF/common/utils/interrupt/interrupt_sam_nvic.o
 .debug_info    0x00006db2      0xab9 src/ASF/common/utils/stdio/read.o
 .debug_info    0x0000786b      0xac2 src/ASF/common/utils/stdio/write.o
 .debug_info    0x0000832d     0x2189 src/ASF/sam/boards/same70_xplained/init.o
 .debug_info    0x0000a4b6     0x208c src/ASF/sam/components/display/ili9488/ili9488.o
 .debug_info    0x0000c542     0x1ce3 src/ASF/sam/drivers/pio/pio.o
 .debug_info    0x0000e225     0x1a56 src/ASF/sam/drivers/pio/pio_handler.o
 .debug_info    0x0000fc7b     0x1eed src/ASF/sam/drivers/pmc/pmc.o
 .debug_info    0x00011b68     0x1123 src/ASF/sam/drivers/spi/spi.o
 .debug_info    0x00012c8b     0x14bd src/ASF/sam/drivers/twihs/twihs.o
 .debug_info    0x00014148     0x1091 src/ASF/sam/drivers/uart/uart.o
 .debug_info    0x000151d9     0x2180 src/ASF/sam/drivers/usart/usart.o
 .debug_info    0x00017359     0x1612 src/ASF/sam/utils/cmsis/same70/source/templates/gcc/startup_same70.o
 .debug_info    0x0001896b      0x5d4 src/ASF/sam/utils/cmsis/same70/source/templates/system_same70.o
 .debug_info    0x00018f3f      0xdbc src/ASF/sam/utils/syscalls/gcc/syscalls.o
 .debug_info    0x00019cfb     0x33cb src/main.o

.debug_abbrev   0x00000000     0x367b
 .debug_abbrev  0x00000000      0x398 src/ASF/common/components/touch/mxt/mxt_device_1.o
 .debug_abbrev  0x00000398      0x296 src/ASF/common/services/clock/same70/sysclk.o
 .debug_abbrev  0x0000062e      0x1b3 src/ASF/common/services/delay/sam/cycle_counter.o
 .debug_abbrev  0x000007e1      0x284 src/ASF/common/services/serial/usart_serial.o
 .debug_abbrev  0x00000a65      0x305 src/ASF/common/services/spi/sam_spi/spi_master.o
 .debug_abbrev  0x00000d6a      0x214 src/ASF/common/utils/interrupt/interrupt_sam_nvic.o
 .debug_abbrev  0x00000f7e      0x1da src/ASF/common/utils/stdio/read.o
 .debug_abbrev  0x00001158      0x1da src/ASF/common/utils/stdio/write.o
 .debug_abbrev  0x00001332      0x3f4 src/ASF/sam/boards/same70_xplained/init.o
 .debug_abbrev  0x00001726      0x2f4 src/ASF/sam/components/display/ili9488/ili9488.o
 .debug_abbrev  0x00001a1a      0x296 src/ASF/sam/drivers/pio/pio.o
 .debug_abbrev  0x00001cb0      0x2c9 src/ASF/sam/drivers/pio/pio_handler.o
 .debug_abbrev  0x00001f79      0x2ce src/ASF/sam/drivers/pmc/pmc.o
 .debug_abbrev  0x00002247      0x2cf src/ASF/sam/drivers/spi/spi.o
 .debug_abbrev  0x00002516      0x29c src/ASF/sam/drivers/twihs/twihs.o
 .debug_abbrev  0x000027b2      0x241 src/ASF/sam/drivers/uart/uart.o
 .debug_abbrev  0x000029f3      0x294 src/ASF/sam/drivers/usart/usart.o
 .debug_abbrev  0x00002c87      0x2e8 src/ASF/sam/utils/cmsis/same70/source/templates/gcc/startup_same70.o
 .debug_abbrev  0x00002f6f      0x102 src/ASF/sam/utils/cmsis/same70/source/templates/system_same70.o
 .debug_abbrev  0x00003071      0x22a src/ASF/sam/utils/syscalls/gcc/syscalls.o
 .debug_abbrev  0x0000329b      0x3e0 src/main.o

.debug_loc      0x00000000     0x998c
 .debug_loc     0x00000000      0x920 src/ASF/common/components/touch/mxt/mxt_device_1.o
 .debug_loc     0x00000920      0x4a0 src/ASF/common/services/clock/same70/sysclk.o
 .debug_loc     0x00000dc0      0x140 src/ASF/common/services/serial/usart_serial.o
 .debug_loc     0x00000f00      0x830 src/ASF/common/services/spi/sam_spi/spi_master.o
 .debug_loc     0x00001730       0xa0 src/ASF/common/utils/interrupt/interrupt_sam_nvic.o
 .debug_loc     0x000017d0       0x50 src/ASF/common/utils/stdio/read.o
 .debug_loc     0x00001820       0x50 src/ASF/common/utils/stdio/write.o
 .debug_loc     0x00001870      0x358 src/ASF/sam/boards/same70_xplained/init.o
 .debug_loc     0x00001bc8      0xd20 src/ASF/sam/components/display/ili9488/ili9488.o
 .debug_loc     0x000028e8     0x1174 src/ASF/sam/drivers/pio/pio.o
 .debug_loc     0x00003a5c      0x38c src/ASF/sam/drivers/pio/pio_handler.o
 .debug_loc     0x00003de8     0x1744 src/ASF/sam/drivers/pmc/pmc.o
 .debug_loc     0x0000552c      0x630 src/ASF/sam/drivers/spi/spi.o
 .debug_loc     0x00005b5c      0x978 src/ASF/sam/drivers/twihs/twihs.o
 .debug_loc     0x000064d4      0x8a0 src/ASF/sam/drivers/uart/uart.o
 .debug_loc     0x00006d74     0x1e4c src/ASF/sam/drivers/usart/usart.o
 .debug_loc     0x00008bc0      0x16c src/ASF/sam/utils/cmsis/same70/source/templates/gcc/startup_same70.o
 .debug_loc     0x00008d2c       0xe4 src/ASF/sam/utils/cmsis/same70/source/templates/system_same70.o
 .debug_loc     0x00008e10      0x300 src/ASF/sam/utils/syscalls/gcc/syscalls.o
 .debug_loc     0x00009110      0x87c src/main.o

.debug_aranges  0x00000000     0x1088
 .debug_aranges
                0x00000000       0xf8 src/ASF/common/components/touch/mxt/mxt_device_1.o
 .debug_aranges
                0x000000f8       0x98 src/ASF/common/services/clock/same70/sysclk.o
 .debug_aranges
                0x00000190       0x20 src/ASF/common/services/delay/sam/cycle_counter.o
 .debug_aranges
                0x000001b0       0x38 src/ASF/common/services/serial/usart_serial.o
 .debug_aranges
                0x000001e8       0xe0 src/ASF/common/services/spi/sam_spi/spi_master.o
 .debug_aranges
                0x000002c8       0x28 src/ASF/common/utils/interrupt/interrupt_sam_nvic.o
 .debug_aranges
                0x000002f0       0x20 src/ASF/common/utils/stdio/read.o
 .debug_aranges
                0x00000310       0x20 src/ASF/common/utils/stdio/write.o
 .debug_aranges
                0x00000330       0x70 src/ASF/sam/boards/same70_xplained/init.o
 .debug_aranges
                0x000003a0      0x168 src/ASF/sam/components/display/ili9488/ili9488.o
 .debug_aranges
                0x00000508      0x1a8 src/ASF/sam/drivers/pio/pio.o
 .debug_aranges
                0x000006b0       0x80 src/ASF/sam/drivers/pio/pio_handler.o
 .debug_aranges
                0x00000730      0x250 src/ASF/sam/drivers/pmc/pmc.o
 .debug_aranges
                0x00000980       0xa8 src/ASF/sam/drivers/spi/spi.o
 .debug_aranges
                0x00000a28       0xf0 src/ASF/sam/drivers/twihs/twihs.o
 .debug_aranges
                0x00000b18       0xd8 src/ASF/sam/drivers/uart/uart.o
 .debug_aranges
                0x00000bf0      0x2c8 src/ASF/sam/drivers/usart/usart.o
 .debug_aranges
                0x00000eb8       0x40 src/ASF/sam/utils/cmsis/same70/source/templates/gcc/startup_same70.o
 .debug_aranges
                0x00000ef8       0x30 src/ASF/sam/utils/cmsis/same70/source/templates/system_same70.o
 .debug_aranges
                0x00000f28       0x60 src/ASF/sam/utils/syscalls/gcc/syscalls.o
 .debug_aranges
                0x00000f88      0x100 src/main.o

.debug_ranges   0x00000000      0xfb0
 .debug_ranges  0x00000000       0xe8 src/ASF/common/components/touch/mxt/mxt_device_1.o
 .debug_ranges  0x000000e8       0x88 src/ASF/common/services/clock/same70/sysclk.o
 .debug_ranges  0x00000170       0x10 src/ASF/common/services/delay/sam/cycle_counter.o
 .debug_ranges  0x00000180       0x28 src/ASF/common/services/serial/usart_serial.o
 .debug_ranges  0x000001a8       0xd0 src/ASF/common/services/spi/sam_spi/spi_master.o
 .debug_ranges  0x00000278       0x18 src/ASF/common/utils/interrupt/interrupt_sam_nvic.o
 .debug_ranges  0x00000290       0x10 src/ASF/common/utils/stdio/read.o
 .debug_ranges  0x000002a0       0x10 src/ASF/common/utils/stdio/write.o
 .debug_ranges  0x000002b0       0xd8 src/ASF/sam/boards/same70_xplained/init.o
 .debug_ranges  0x00000388      0x158 src/ASF/sam/components/display/ili9488/ili9488.o
 .debug_ranges  0x000004e0      0x198 src/ASF/sam/drivers/pio/pio.o
 .debug_ranges  0x00000678       0x70 src/ASF/sam/drivers/pio/pio_handler.o
 .debug_ranges  0x000006e8      0x240 src/ASF/sam/drivers/pmc/pmc.o
 .debug_ranges  0x00000928       0x98 src/ASF/sam/drivers/spi/spi.o
 .debug_ranges  0x000009c0       0xe0 src/ASF/sam/drivers/twihs/twihs.o
 .debug_ranges  0x00000aa0       0xc8 src/ASF/sam/drivers/uart/uart.o
 .debug_ranges  0x00000b68      0x2b8 src/ASF/sam/drivers/usart/usart.o
 .debug_ranges  0x00000e20       0x30 src/ASF/sam/utils/cmsis/same70/source/templates/gcc/startup_same70.o
 .debug_ranges  0x00000e50       0x20 src/ASF/sam/utils/cmsis/same70/source/templates/system_same70.o
 .debug_ranges  0x00000e70       0x50 src/ASF/sam/utils/syscalls/gcc/syscalls.o
 .debug_ranges  0x00000ec0       0xf0 src/main.o

.debug_macro    0x00000000    0x2291c
 .debug_macro   0x00000000      0x750 src/ASF/common/components/touch/mxt/mxt_device_1.o
 .debug_macro   0x00000750      0x8d4 src/ASF/common/components/touch/mxt/mxt_device_1.o
 .debug_macro   0x00001024      0x6d7 src/ASF/common/components/touch/mxt/mxt_device_1.o
 .debug_macro   0x000016fb      0x16d src/ASF/common/components/touch/mxt/mxt_device_1.o
 .debug_macro   0x00001868       0x76 src/ASF/common/components/touch/mxt/mxt_device_1.o
 .debug_macro   0x000018de       0x16 src/ASF/common/components/touch/mxt/mxt_device_1.o
 .debug_macro   0x000018f4      0x6da src/ASF/common/components/touch/mxt/mxt_device_1.o
 .debug_macro   0x00001fce       0x22 src/ASF/common/components/touch/mxt/mxt_device_1.o
 .debug_macro   0x00001ff0       0x87 src/ASF/common/components/touch/mxt/mxt_device_1.o
 .debug_macro   0x00002077       0x51 src/ASF/common/components/touch/mxt/mxt_device_1.o
 .debug_macro   0x000020c8       0xef src/ASF/common/components/touch/mxt/mxt_device_1.o
 .debug_macro   0x000021b7       0x6a src/ASF/common/components/touch/mxt/mxt_device_1.o
 .debug_macro   0x00002221      0x1df src/ASF/common/components/touch/mxt/mxt_device_1.o
 .debug_macro   0x00002400       0x51 src/ASF/common/components/touch/mxt/mxt_device_1.o
 .debug_macro   0x00002451       0x3b src/ASF/common/components/touch/mxt/mxt_device_1.o
 .debug_macro   0x0000248c       0x2d src/ASF/common/components/touch/mxt/mxt_device_1.o
 .debug_macro   0x000024b9       0x26 src/ASF/common/components/touch/mxt/mxt_device_1.o
 .debug_macro   0x000024df      0xf9a src/ASF/common/components/touch/mxt/mxt_device_1.o
 .debug_macro   0x00003479      0x191 src/ASF/common/components/touch/mxt/mxt_device_1.o
 .debug_macro   0x0000360a      0x2ee src/ASF/common/components/touch/mxt/mxt_device_1.o
 .debug_macro   0x000038f8      0xa23 src/ASF/common/components/touch/mxt/mxt_device_1.o
 .debug_macro   0x0000431b      0x1b4 src/ASF/common/components/touch/mxt/mxt_device_1.o
 .debug_macro   0x000044cf      0x35f src/ASF/common/components/touch/mxt/mxt_device_1.o
 .debug_macro   0x0000482e      0x15a src/ASF/common/components/touch/mxt/mxt_device_1.o